<?xml version="1.0" encoding="ISO-8859-1" ?>
<link_info>
   <banner>TI ARM Linker PC v20.2.5.LTS</banner>
   <copyright>Copyright (c) 1996-2018 Texas Instruments Incorporated</copyright>
   <link_time>0x6182dbf3</link_time>
   <link_errors>0x0</link_errors>
   <output_file>CCMI_Test.out</output_file>
   <entry_point>
      <name>_c_int00</name>
      <address>0x41a0</address>
   </entry_point>
   <input_file_list>
      <input_file id="fl-2">
         <path>.\source\</path>
         <kind>object</kind>
         <file>HL_epc.obj</file>
         <name>HL_epc.obj</name>
      </input_file>
      <input_file id="fl-3">
         <path>.\source\</path>
         <kind>object</kind>
         <file>HL_errata.obj</file>
         <name>HL_errata.obj</name>
      </input_file>
      <input_file id="fl-4">
         <path>.\source\</path>
         <kind>object</kind>
         <file>HL_errata_SSWF021_45.obj</file>
         <name>HL_errata_SSWF021_45.obj</name>
      </input_file>
      <input_file id="fl-5">
         <path>.\source\</path>
         <kind>object</kind>
         <file>HL_esm.obj</file>
         <name>HL_esm.obj</name>
      </input_file>
      <input_file id="fl-6">
         <path>.\source\</path>
         <kind>object</kind>
         <file>HL_gio.obj</file>
         <name>HL_gio.obj</name>
      </input_file>
      <input_file id="fl-7">
         <path>.\source\</path>
         <kind>object</kind>
         <file>HL_nmpu.obj</file>
         <name>HL_nmpu.obj</name>
      </input_file>
      <input_file id="fl-8">
         <path>.\source\</path>
         <kind>object</kind>
         <file>HL_notification.obj</file>
         <name>HL_notification.obj</name>
      </input_file>
      <input_file id="fl-9">
         <path>.\source\</path>
         <kind>object</kind>
         <file>HL_pinmux.obj</file>
         <name>HL_pinmux.obj</name>
      </input_file>
      <input_file id="fl-a">
         <path>.\source\</path>
         <kind>object</kind>
         <file>HL_rti.obj</file>
         <name>HL_rti.obj</name>
      </input_file>
      <input_file id="fl-b">
         <path>.\source\</path>
         <kind>object</kind>
         <file>HL_sys_core.obj</file>
         <name>HL_sys_core.obj</name>
      </input_file>
      <input_file id="fl-c">
         <path>.\source\</path>
         <kind>object</kind>
         <file>HL_sys_dma.obj</file>
         <name>HL_sys_dma.obj</name>
      </input_file>
      <input_file id="fl-d">
         <path>.\source\</path>
         <kind>object</kind>
         <file>HL_sys_intvecs.obj</file>
         <name>HL_sys_intvecs.obj</name>
      </input_file>
      <input_file id="fl-e">
         <path>.\source\</path>
         <kind>object</kind>
         <file>HL_sys_main.obj</file>
         <name>HL_sys_main.obj</name>
      </input_file>
      <input_file id="fl-f">
         <path>.\source\</path>
         <kind>object</kind>
         <file>HL_sys_mpu.obj</file>
         <name>HL_sys_mpu.obj</name>
      </input_file>
      <input_file id="fl-10">
         <path>.\source\</path>
         <kind>object</kind>
         <file>HL_sys_pcr.obj</file>
         <name>HL_sys_pcr.obj</name>
      </input_file>
      <input_file id="fl-11">
         <path>.\source\</path>
         <kind>object</kind>
         <file>HL_sys_phantom.obj</file>
         <name>HL_sys_phantom.obj</name>
      </input_file>
      <input_file id="fl-12">
         <path>.\source\</path>
         <kind>object</kind>
         <file>HL_sys_pmm.obj</file>
         <name>HL_sys_pmm.obj</name>
      </input_file>
      <input_file id="fl-13">
         <path>.\source\</path>
         <kind>object</kind>
         <file>HL_sys_pmu.obj</file>
         <name>HL_sys_pmu.obj</name>
      </input_file>
      <input_file id="fl-14">
         <path>.\source\</path>
         <kind>object</kind>
         <file>HL_sys_startup.obj</file>
         <name>HL_sys_startup.obj</name>
      </input_file>
      <input_file id="fl-15">
         <path>.\source\</path>
         <kind>object</kind>
         <file>HL_sys_vim.obj</file>
         <name>HL_sys_vim.obj</name>
      </input_file>
      <input_file id="fl-16">
         <path>.\source\</path>
         <kind>object</kind>
         <file>HL_system.obj</file>
         <name>HL_system.obj</name>
      </input_file>
      <input_file id="fl-1a">
         <kind>object</kind>
         <file>&lt;internal&gt;</file>
         <name>&lt;internal&gt;</name>
      </input_file>
      <input_file id="fl-d0">
         <path>C:\ti\ccs1100\ccs\tools\compiler\ti-cgt-arm_20.2.5.LTS\lib\</path>
         <kind>archive</kind>
         <file>rtsv7R4_A_le_v3D16_eabi.lib</file>
         <name>autoinit.c.obj</name>
      </input_file>
      <input_file id="fl-d1">
         <path>C:\ti\ccs1100\ccs\tools\compiler\ti-cgt-arm_20.2.5.LTS\lib\</path>
         <kind>archive</kind>
         <file>rtsv7R4_A_le_v3D16_eabi.lib</file>
         <name>cpy_tbl.c.obj</name>
      </input_file>
      <input_file id="fl-d2">
         <path>C:\ti\ccs1100\ccs\tools\compiler\ti-cgt-arm_20.2.5.LTS\lib\</path>
         <kind>archive</kind>
         <file>rtsv7R4_A_le_v3D16_eabi.lib</file>
         <name>copy_zero_init.c.obj</name>
      </input_file>
      <input_file id="fl-d3">
         <path>C:\ti\ccs1100\ccs\tools\compiler\ti-cgt-arm_20.2.5.LTS\lib\</path>
         <kind>archive</kind>
         <file>rtsv7R4_A_le_v3D16_eabi.lib</file>
         <name>copy_decompress_none.c.obj</name>
      </input_file>
      <input_file id="fl-d4">
         <path>C:\ti\ccs1100\ccs\tools\compiler\ti-cgt-arm_20.2.5.LTS\lib\</path>
         <kind>archive</kind>
         <file>rtsv7R4_A_le_v3D16_eabi.lib</file>
         <name>copy_decompress_lzss.c.obj</name>
      </input_file>
      <input_file id="fl-d5">
         <path>C:\ti\ccs1100\ccs\tools\compiler\ti-cgt-arm_20.2.5.LTS\lib\</path>
         <kind>archive</kind>
         <file>rtsv7R4_A_le_v3D16_eabi.lib</file>
         <name>exit.c.obj</name>
      </input_file>
      <input_file id="fl-d6">
         <path>C:\ti\ccs1100\ccs\tools\compiler\ti-cgt-arm_20.2.5.LTS\lib\</path>
         <kind>archive</kind>
         <file>rtsv7R4_A_le_v3D16_eabi.lib</file>
         <name>_lock.c.obj</name>
      </input_file>
      <input_file id="fl-d7">
         <path>C:\ti\ccs1100\ccs\tools\compiler\ti-cgt-arm_20.2.5.LTS\lib\</path>
         <kind>archive</kind>
         <file>rtsv7R4_A_le_v3D16_eabi.lib</file>
         <name>memcpy32.asm.obj</name>
      </input_file>
      <input_file id="fl-d8">
         <path>C:\ti\ccs1100\ccs\tools\compiler\ti-cgt-arm_20.2.5.LTS\lib\</path>
         <kind>archive</kind>
         <file>rtsv7R4_A_le_v3D16_eabi.lib</file>
         <name>memset32.asm.obj</name>
      </input_file>
   </input_file_list>
   <object_component_list>
      <object_component id="oc-2b">
         <name>.intvecs</name>
         <load_address>0x0</load_address>
         <run_address>0x0</run_address>
         <size>0x20</size>
         <input_file_ref idref="fl-d"/>
      </object_component>
      <object_component id="oc-d3">
         <name>.text</name>
         <load_address>0x20</load_address>
         <run_address>0x20</run_address>
         <size>0x9c0</size>
         <input_file_ref idref="fl-9"/>
      </object_component>
      <object_component id="oc-6a">
         <name>.text</name>
         <load_address>0x9e0</load_address>
         <run_address>0x9e0</run_address>
         <size>0x998</size>
         <input_file_ref idref="fl-16"/>
      </object_component>
      <object_component id="oc-37">
         <name>.text</name>
         <load_address>0x1378</load_address>
         <run_address>0x1378</run_address>
         <size>0x938</size>
         <input_file_ref idref="fl-15"/>
      </object_component>
      <object_component id="oc-82">
         <name>.text</name>
         <load_address>0x1cb0</load_address>
         <run_address>0x1cb0</run_address>
         <size>0x78c</size>
         <input_file_ref idref="fl-5"/>
      </object_component>
      <object_component id="oc-127">
         <name>.text</name>
         <load_address>0x243c</load_address>
         <run_address>0x243c</run_address>
         <size>0x698</size>
         <input_file_ref idref="fl-a"/>
      </object_component>
      <object_component id="oc-70">
         <name>.text</name>
         <load_address>0x2ad4</load_address>
         <run_address>0x2ad4</run_address>
         <size>0x664</size>
         <input_file_ref idref="fl-4"/>
      </object_component>
      <object_component id="oc-121">
         <name>.text</name>
         <load_address>0x3138</load_address>
         <run_address>0x3138</run_address>
         <size>0x484</size>
         <input_file_ref idref="fl-6"/>
      </object_component>
      <object_component id="oc-65">
         <name>.text</name>
         <load_address>0x35bc</load_address>
         <run_address>0x35bc</run_address>
         <size>0x3c4</size>
         <input_file_ref idref="fl-b"/>
      </object_component>
      <object_component id="oc-88">
         <name>.text</name>
         <load_address>0x3980</load_address>
         <run_address>0x3980</run_address>
         <size>0x36c</size>
         <input_file_ref idref="fl-f"/>
      </object_component>
      <object_component id="oc-36">
         <name>.text:retain</name>
         <load_address>0x3cec</load_address>
         <run_address>0x3cec</run_address>
         <size>0x33c</size>
         <input_file_ref idref="fl-15"/>
      </object_component>
      <object_component id="oc-22">
         <name>.text:retain</name>
         <load_address>0x4028</load_address>
         <run_address>0x4028</run_address>
         <size>0x178</size>
         <input_file_ref idref="fl-5"/>
      </object_component>
      <object_component id="oc-1c">
         <name>.text:retain</name>
         <load_address>0x41a0</load_address>
         <run_address>0x41a0</run_address>
         <size>0xd8</size>
         <input_file_ref idref="fl-14"/>
      </object_component>
      <object_component id="oc-7c">
         <name>.text</name>
         <load_address>0x4278</load_address>
         <run_address>0x4278</run_address>
         <size>0x88</size>
         <input_file_ref idref="fl-8"/>
      </object_component>
      <object_component id="oc-8e">
         <name>.text</name>
         <load_address>0x4300</load_address>
         <run_address>0x4300</run_address>
         <size>0x7c</size>
         <input_file_ref idref="fl-e"/>
      </object_component>
      <object_component id="oc-f1">
         <name>.text:__TI_auto_init_nobinit_nopinit:__TI_auto_init_nobinit_nopinit</name>
         <load_address>0x437c</load_address>
         <run_address>0x437c</run_address>
         <size>0x68</size>
         <input_file_ref idref="fl-d0"/>
      </object_component>
      <object_component id="oc-12f">
         <name>.text:abort:abort</name>
         <load_address>0x43e4</load_address>
         <run_address>0x43e4</run_address>
         <size>0x8</size>
         <input_file_ref idref="fl-d5"/>
      </object_component>
      <object_component id="oc-76">
         <name>.text</name>
         <load_address>0x43ec</load_address>
         <run_address>0x43ec</run_address>
         <size>0x4</size>
         <input_file_ref idref="fl-14"/>
      </object_component>
      <object_component id="oc-30">
         <name>.text:retain</name>
         <load_address>0x43f0</load_address>
         <run_address>0x43f0</run_address>
         <size>0x4</size>
         <input_file_ref idref="fl-11"/>
      </object_component>
      <object_component id="oc-28">
         <name>.const:s_vim_init</name>
         <load_address>0x4400</load_address>
         <run_address>0x4400</run_address>
         <size>0x200</size>
         <input_file_ref idref="fl-15"/>
      </object_component>
      <object_component id="oc-16f">
         <name>.debug_info</name>
         <load_address>0x0</load_address>
         <run_address>0x0</run_address>
         <size>0x394</size>
         <input_file_ref idref="fl-2"/>
      </object_component>
      <object_component id="oc-96">
         <name>.debug_info</name>
         <load_address>0x394</load_address>
         <run_address>0x394</run_address>
         <size>0x429</size>
         <input_file_ref idref="fl-2"/>
      </object_component>
      <object_component id="oc-142">
         <name>.debug_info</name>
         <load_address>0x7bd</load_address>
         <run_address>0x7bd</run_address>
         <size>0x26b</size>
         <input_file_ref idref="fl-2"/>
      </object_component>
      <object_component id="oc-9c">
         <name>.debug_info</name>
         <load_address>0xa28</load_address>
         <run_address>0xa28</run_address>
         <size>0x157</size>
         <input_file_ref idref="fl-2"/>
      </object_component>
      <object_component id="oc-ac">
         <name>.debug_info</name>
         <load_address>0xb7f</load_address>
         <run_address>0xb7f</run_address>
         <size>0x8b</size>
         <input_file_ref idref="fl-2"/>
      </object_component>
      <object_component id="oc-a7">
         <name>.debug_info</name>
         <load_address>0xc0a</load_address>
         <run_address>0xc0a</run_address>
         <size>0x18c</size>
         <input_file_ref idref="fl-2"/>
      </object_component>
      <object_component id="oc-1c4">
         <name>.debug_info</name>
         <load_address>0xd96</load_address>
         <run_address>0xd96</run_address>
         <size>0x2a4</size>
         <input_file_ref idref="fl-2"/>
      </object_component>
      <object_component id="oc-13b">
         <name>.debug_info</name>
         <load_address>0x103a</load_address>
         <run_address>0x103a</run_address>
         <size>0xbb</size>
         <input_file_ref idref="fl-2"/>
      </object_component>
      <object_component id="oc-b1">
         <name>.debug_info</name>
         <load_address>0x10f5</load_address>
         <run_address>0x10f5</run_address>
         <size>0x86</size>
         <input_file_ref idref="fl-2"/>
      </object_component>
      <object_component id="oc-147">
         <name>.debug_info</name>
         <load_address>0x117b</load_address>
         <run_address>0x117b</run_address>
         <size>0x102</size>
         <input_file_ref idref="fl-2"/>
      </object_component>
      <object_component id="oc-199">
         <name>.debug_info</name>
         <load_address>0x127d</load_address>
         <run_address>0x127d</run_address>
         <size>0x142</size>
         <input_file_ref idref="fl-2"/>
      </object_component>
      <object_component id="oc-14c">
         <name>.debug_info</name>
         <load_address>0x13bf</load_address>
         <run_address>0x13bf</run_address>
         <size>0x285</size>
         <input_file_ref idref="fl-2"/>
      </object_component>
      <object_component id="oc-151">
         <name>.debug_info</name>
         <load_address>0x1644</load_address>
         <run_address>0x1644</run_address>
         <size>0x44a</size>
         <input_file_ref idref="fl-2"/>
      </object_component>
      <object_component id="oc-156">
         <name>.debug_info</name>
         <load_address>0x1a8e</load_address>
         <run_address>0x1a8e</run_address>
         <size>0x1f9</size>
         <input_file_ref idref="fl-2"/>
      </object_component>
      <object_component id="oc-15b">
         <name>.debug_info</name>
         <load_address>0x1c87</load_address>
         <run_address>0x1c87</run_address>
         <size>0x152</size>
         <input_file_ref idref="fl-2"/>
      </object_component>
      <object_component id="oc-160">
         <name>.debug_info</name>
         <load_address>0x1dd9</load_address>
         <run_address>0x1dd9</run_address>
         <size>0x70a</size>
         <input_file_ref idref="fl-2"/>
      </object_component>
      <object_component id="oc-165">
         <name>.debug_info</name>
         <load_address>0x24e3</load_address>
         <run_address>0x24e3</run_address>
         <size>0x36d</size>
         <input_file_ref idref="fl-2"/>
      </object_component>
      <object_component id="oc-18c">
         <name>.debug_info</name>
         <load_address>0x2850</load_address>
         <run_address>0x2850</run_address>
         <size>0x2ce</size>
         <input_file_ref idref="fl-4"/>
      </object_component>
      <object_component id="oc-71">
         <name>.debug_info</name>
         <load_address>0x2b1e</load_address>
         <run_address>0x2b1e</run_address>
         <size>0x66d</size>
         <input_file_ref idref="fl-4"/>
      </object_component>
      <object_component id="oc-48">
         <name>.debug_info</name>
         <load_address>0x318b</load_address>
         <run_address>0x318b</run_address>
         <size>0x84</size>
         <input_file_ref idref="fl-4"/>
      </object_component>
      <object_component id="oc-dc">
         <name>.debug_info</name>
         <load_address>0x320f</load_address>
         <run_address>0x320f</run_address>
         <size>0x9e7</size>
         <input_file_ref idref="fl-4"/>
      </object_component>
      <object_component id="oc-ef">
         <name>.debug_info</name>
         <load_address>0x3bf6</load_address>
         <run_address>0x3bf6</run_address>
         <size>0x360</size>
         <input_file_ref idref="fl-5"/>
      </object_component>
      <object_component id="oc-85">
         <name>.debug_info</name>
         <load_address>0x3f56</load_address>
         <run_address>0x3f56</run_address>
         <size>0x10d5</size>
         <input_file_ref idref="fl-5"/>
      </object_component>
      <object_component id="oc-24">
         <name>.debug_info</name>
         <load_address>0x502b</load_address>
         <run_address>0x502b</run_address>
         <size>0x1bd</size>
         <input_file_ref idref="fl-5"/>
      </object_component>
      <object_component id="oc-ea">
         <name>.debug_info</name>
         <load_address>0x51e8</load_address>
         <run_address>0x51e8</run_address>
         <size>0x168</size>
         <input_file_ref idref="fl-5"/>
      </object_component>
      <object_component id="oc-1b0">
         <name>.debug_info</name>
         <load_address>0x5350</load_address>
         <run_address>0x5350</run_address>
         <size>0x2c5</size>
         <input_file_ref idref="fl-6"/>
      </object_component>
      <object_component id="oc-122">
         <name>.debug_info</name>
         <load_address>0x5615</load_address>
         <run_address>0x5615</run_address>
         <size>0x72f</size>
         <input_file_ref idref="fl-6"/>
      </object_component>
      <object_component id="oc-1e4">
         <name>.debug_info</name>
         <load_address>0x5d44</load_address>
         <run_address>0x5d44</run_address>
         <size>0x12a</size>
         <input_file_ref idref="fl-6"/>
      </object_component>
      <object_component id="oc-e3">
         <name>.debug_info</name>
         <load_address>0x5e6e</load_address>
         <run_address>0x5e6e</run_address>
         <size>0x3a7</size>
         <input_file_ref idref="fl-8"/>
      </object_component>
      <object_component id="oc-7d">
         <name>.debug_info</name>
         <load_address>0x6215</load_address>
         <run_address>0x6215</run_address>
         <size>0x70c</size>
         <input_file_ref idref="fl-8"/>
      </object_component>
      <object_component id="oc-18f">
         <name>.debug_info</name>
         <load_address>0x6921</load_address>
         <run_address>0x6921</run_address>
         <size>0x306</size>
         <input_file_ref idref="fl-8"/>
      </object_component>
      <object_component id="oc-194">
         <name>.debug_info</name>
         <load_address>0x6c27</load_address>
         <run_address>0x6c27</run_address>
         <size>0xadd</size>
         <input_file_ref idref="fl-8"/>
      </object_component>
      <object_component id="oc-e4">
         <name>.debug_info</name>
         <load_address>0x7704</load_address>
         <run_address>0x7704</run_address>
         <size>0x6eb</size>
         <input_file_ref idref="fl-8"/>
      </object_component>
      <object_component id="oc-1b3">
         <name>.debug_info</name>
         <load_address>0x7def</load_address>
         <run_address>0x7def</run_address>
         <size>0x1d4</size>
         <input_file_ref idref="fl-8"/>
      </object_component>
      <object_component id="oc-1cc">
         <name>.debug_info</name>
         <load_address>0x7fc3</load_address>
         <run_address>0x7fc3</run_address>
         <size>0x2c7</size>
         <input_file_ref idref="fl-9"/>
      </object_component>
      <object_component id="oc-d7">
         <name>.debug_info</name>
         <load_address>0x828a</load_address>
         <run_address>0x828a</run_address>
         <size>0x131</size>
         <input_file_ref idref="fl-9"/>
      </object_component>
      <object_component id="oc-187">
         <name>.debug_info</name>
         <load_address>0x83bb</load_address>
         <run_address>0x83bb</run_address>
         <size>0x199</size>
         <input_file_ref idref="fl-9"/>
      </object_component>
      <object_component id="oc-1b2">
         <name>.debug_info</name>
         <load_address>0x8554</load_address>
         <run_address>0x8554</run_address>
         <size>0x2ea</size>
         <input_file_ref idref="fl-a"/>
      </object_component>
      <object_component id="oc-128">
         <name>.debug_info</name>
         <load_address>0x883e</load_address>
         <run_address>0x883e</run_address>
         <size>0x10e5</size>
         <input_file_ref idref="fl-a"/>
      </object_component>
      <object_component id="oc-68">
         <name>.debug_info</name>
         <load_address>0x9923</load_address>
         <run_address>0x9923</run_address>
         <size>0x824</size>
         <input_file_ref idref="fl-b"/>
      </object_component>
      <object_component id="oc-2e">
         <name>.debug_info</name>
         <load_address>0xa147</load_address>
         <run_address>0xa147</run_address>
         <size>0x11a</size>
         <input_file_ref idref="fl-d"/>
      </object_component>
      <object_component id="oc-12e">
         <name>.debug_info</name>
         <load_address>0xa261</load_address>
         <run_address>0xa261</run_address>
         <size>0x3f9</size>
         <input_file_ref idref="fl-e"/>
      </object_component>
      <object_component id="oc-8f">
         <name>.debug_info</name>
         <load_address>0xa65a</load_address>
         <run_address>0xa65a</run_address>
         <size>0x2ba</size>
         <input_file_ref idref="fl-e"/>
      </object_component>
      <object_component id="oc-89">
         <name>.debug_info</name>
         <load_address>0xa914</load_address>
         <run_address>0xa914</run_address>
         <size>0x451</size>
         <input_file_ref idref="fl-f"/>
      </object_component>
      <object_component id="oc-1cb">
         <name>.debug_info</name>
         <load_address>0xad65</load_address>
         <run_address>0xad65</run_address>
         <size>0x308</size>
         <input_file_ref idref="fl-10"/>
      </object_component>
      <object_component id="oc-182">
         <name>.debug_info</name>
         <load_address>0xb06d</load_address>
         <run_address>0xb06d</run_address>
         <size>0x457</size>
         <input_file_ref idref="fl-10"/>
      </object_component>
      <object_component id="oc-31">
         <name>.debug_info</name>
         <load_address>0xb4c4</load_address>
         <run_address>0xb4c4</run_address>
         <size>0x152</size>
         <input_file_ref idref="fl-11"/>
      </object_component>
      <object_component id="oc-1d">
         <name>.debug_info</name>
         <load_address>0xb616</load_address>
         <run_address>0xb616</run_address>
         <size>0x2f2</size>
         <input_file_ref idref="fl-14"/>
      </object_component>
      <object_component id="oc-77">
         <name>.debug_info</name>
         <load_address>0xb908</load_address>
         <run_address>0xb908</run_address>
         <size>0x14b</size>
         <input_file_ref idref="fl-14"/>
      </object_component>
      <object_component id="oc-a3">
         <name>.debug_info</name>
         <load_address>0xba53</load_address>
         <run_address>0xba53</run_address>
         <size>0x463</size>
         <input_file_ref idref="fl-15"/>
      </object_component>
      <object_component id="oc-29">
         <name>.debug_info</name>
         <load_address>0xbeb6</load_address>
         <run_address>0xbeb6</run_address>
         <size>0xf4</size>
         <input_file_ref idref="fl-15"/>
      </object_component>
      <object_component id="oc-39">
         <name>.debug_info</name>
         <load_address>0xbfaa</load_address>
         <run_address>0xbfaa</run_address>
         <size>0x4a4</size>
         <input_file_ref idref="fl-15"/>
      </object_component>
      <object_component id="oc-3d">
         <name>.debug_info</name>
         <load_address>0xc44e</load_address>
         <run_address>0xc44e</run_address>
         <size>0x20f</size>
         <input_file_ref idref="fl-15"/>
      </object_component>
      <object_component id="oc-16a">
         <name>.debug_info</name>
         <load_address>0xc65d</load_address>
         <run_address>0xc65d</run_address>
         <size>0x4f</size>
         <input_file_ref idref="fl-15"/>
      </object_component>
      <object_component id="oc-da">
         <name>.debug_info</name>
         <load_address>0xc6ac</load_address>
         <run_address>0xc6ac</run_address>
         <size>0x3f6</size>
         <input_file_ref idref="fl-16"/>
      </object_component>
      <object_component id="oc-6d">
         <name>.debug_info</name>
         <load_address>0xcaa2</load_address>
         <run_address>0xcaa2</run_address>
         <size>0x651</size>
         <input_file_ref idref="fl-16"/>
      </object_component>
      <object_component id="oc-1a1">
         <name>.debug_info</name>
         <load_address>0xd0f3</load_address>
         <run_address>0xd0f3</run_address>
         <size>0x4b3</size>
         <input_file_ref idref="fl-d0"/>
      </object_component>
      <object_component id="oc-f3">
         <name>.debug_info</name>
         <load_address>0xd5a6</load_address>
         <run_address>0xd5a6</run_address>
         <size>0x1a6</size>
         <input_file_ref idref="fl-d0"/>
      </object_component>
      <object_component id="oc-1d1">
         <name>.debug_info</name>
         <load_address>0xd74c</load_address>
         <run_address>0xd74c</run_address>
         <size>0x39</size>
         <input_file_ref idref="fl-d0"/>
      </object_component>
      <object_component id="oc-1fd">
         <name>.debug_info</name>
         <load_address>0xd785</load_address>
         <run_address>0xd785</run_address>
         <size>0x39</size>
         <input_file_ref idref="fl-d0"/>
      </object_component>
      <object_component id="oc-1d6">
         <name>.debug_info</name>
         <load_address>0xd7be</load_address>
         <run_address>0xd7be</run_address>
         <size>0x39</size>
         <input_file_ref idref="fl-d0"/>
      </object_component>
      <object_component id="oc-1db">
         <name>.debug_info</name>
         <load_address>0xd7f7</load_address>
         <run_address>0xd7f7</run_address>
         <size>0xcd</size>
         <input_file_ref idref="fl-d0"/>
      </object_component>
      <object_component id="oc-131">
         <name>.debug_info</name>
         <load_address>0xd8c4</load_address>
         <run_address>0xd8c4</run_address>
         <size>0x122</size>
         <input_file_ref idref="fl-d5"/>
      </object_component>
      <object_component id="oc-232">
         <name>.debug_info</name>
         <load_address>0xd9e6</load_address>
         <run_address>0xd9e6</run_address>
         <size>0xb3</size>
      </object_component>
      <object_component id="oc-1ca">
         <name>.debug_line</name>
         <load_address>0x0</load_address>
         <run_address>0x0</run_address>
         <size>0x20</size>
         <input_file_ref idref="fl-2"/>
      </object_component>
      <object_component id="oc-99">
         <name>.debug_line</name>
         <load_address>0x20</load_address>
         <run_address>0x20</run_address>
         <size>0x76</size>
         <input_file_ref idref="fl-2"/>
      </object_component>
      <object_component id="oc-145">
         <name>.debug_line</name>
         <load_address>0x96</load_address>
         <run_address>0x96</run_address>
         <size>0x6f</size>
         <input_file_ref idref="fl-2"/>
      </object_component>
      <object_component id="oc-9f">
         <name>.debug_line</name>
         <load_address>0x105</load_address>
         <run_address>0x105</run_address>
         <size>0x7c</size>
         <input_file_ref idref="fl-2"/>
      </object_component>
      <object_component id="oc-af">
         <name>.debug_line</name>
         <load_address>0x181</load_address>
         <run_address>0x181</run_address>
         <size>0x20</size>
         <input_file_ref idref="fl-2"/>
      </object_component>
      <object_component id="oc-aa">
         <name>.debug_line</name>
         <load_address>0x1a1</load_address>
         <run_address>0x1a1</run_address>
         <size>0x77</size>
         <input_file_ref idref="fl-2"/>
      </object_component>
      <object_component id="oc-1c7">
         <name>.debug_line</name>
         <load_address>0x218</load_address>
         <run_address>0x218</run_address>
         <size>0x73</size>
         <input_file_ref idref="fl-2"/>
      </object_component>
      <object_component id="oc-13e">
         <name>.debug_line</name>
         <load_address>0x28b</load_address>
         <run_address>0x28b</run_address>
         <size>0x70</size>
         <input_file_ref idref="fl-2"/>
      </object_component>
      <object_component id="oc-b4">
         <name>.debug_line</name>
         <load_address>0x2fb</load_address>
         <run_address>0x2fb</run_address>
         <size>0x7a</size>
         <input_file_ref idref="fl-2"/>
      </object_component>
      <object_component id="oc-14a">
         <name>.debug_line</name>
         <load_address>0x375</load_address>
         <run_address>0x375</run_address>
         <size>0x79</size>
         <input_file_ref idref="fl-2"/>
      </object_component>
      <object_component id="oc-19c">
         <name>.debug_line</name>
         <load_address>0x3ee</load_address>
         <run_address>0x3ee</run_address>
         <size>0x77</size>
         <input_file_ref idref="fl-2"/>
      </object_component>
      <object_component id="oc-14f">
         <name>.debug_line</name>
         <load_address>0x465</load_address>
         <run_address>0x465</run_address>
         <size>0x77</size>
         <input_file_ref idref="fl-2"/>
      </object_component>
      <object_component id="oc-154">
         <name>.debug_line</name>
         <load_address>0x4dc</load_address>
         <run_address>0x4dc</run_address>
         <size>0x79</size>
         <input_file_ref idref="fl-2"/>
      </object_component>
      <object_component id="oc-159">
         <name>.debug_line</name>
         <load_address>0x555</load_address>
         <run_address>0x555</run_address>
         <size>0x77</size>
         <input_file_ref idref="fl-2"/>
      </object_component>
      <object_component id="oc-15e">
         <name>.debug_line</name>
         <load_address>0x5cc</load_address>
         <run_address>0x5cc</run_address>
         <size>0x7a</size>
         <input_file_ref idref="fl-2"/>
      </object_component>
      <object_component id="oc-163">
         <name>.debug_line</name>
         <load_address>0x646</load_address>
         <run_address>0x646</run_address>
         <size>0x7a</size>
         <input_file_ref idref="fl-2"/>
      </object_component>
      <object_component id="oc-168">
         <name>.debug_line</name>
         <load_address>0x6c0</load_address>
         <run_address>0x6c0</run_address>
         <size>0x77</size>
         <input_file_ref idref="fl-2"/>
      </object_component>
      <object_component id="oc-1ce">
         <name>.debug_line</name>
         <load_address>0x737</load_address>
         <run_address>0x737</run_address>
         <size>0x20</size>
         <input_file_ref idref="fl-4"/>
      </object_component>
      <object_component id="oc-75">
         <name>.debug_line</name>
         <load_address>0x757</load_address>
         <run_address>0x757</run_address>
         <size>0x1ed</size>
         <input_file_ref idref="fl-4"/>
      </object_component>
      <object_component id="oc-4b">
         <name>.debug_line</name>
         <load_address>0x944</load_address>
         <run_address>0x944</run_address>
         <size>0x20</size>
         <input_file_ref idref="fl-4"/>
      </object_component>
      <object_component id="oc-df">
         <name>.debug_line</name>
         <load_address>0x964</load_address>
         <run_address>0x964</run_address>
         <size>0x86</size>
         <input_file_ref idref="fl-4"/>
      </object_component>
      <object_component id="oc-19f">
         <name>.debug_line</name>
         <load_address>0x9ea</load_address>
         <run_address>0x9ea</run_address>
         <size>0x73</size>
         <input_file_ref idref="fl-5"/>
      </object_component>
      <object_component id="oc-84">
         <name>.debug_line</name>
         <load_address>0xa5d</load_address>
         <run_address>0xa5d</run_address>
         <size>0x347</size>
         <input_file_ref idref="fl-5"/>
      </object_component>
      <object_component id="oc-23">
         <name>.debug_line</name>
         <load_address>0xda4</load_address>
         <run_address>0xda4</run_address>
         <size>0x6e</size>
         <input_file_ref idref="fl-5"/>
      </object_component>
      <object_component id="oc-ed">
         <name>.debug_line</name>
         <load_address>0xe12</load_address>
         <run_address>0xe12</run_address>
         <size>0x73</size>
         <input_file_ref idref="fl-5"/>
      </object_component>
      <object_component id="oc-1e3">
         <name>.debug_line</name>
         <load_address>0xe85</load_address>
         <run_address>0xe85</run_address>
         <size>0x20</size>
         <input_file_ref idref="fl-6"/>
      </object_component>
      <object_component id="oc-126">
         <name>.debug_line</name>
         <load_address>0xea5</load_address>
         <run_address>0xea5</run_address>
         <size>0x17e</size>
         <input_file_ref idref="fl-6"/>
      </object_component>
      <object_component id="oc-1e7">
         <name>.debug_line</name>
         <load_address>0x1023</load_address>
         <run_address>0x1023</run_address>
         <size>0x73</size>
         <input_file_ref idref="fl-6"/>
      </object_component>
      <object_component id="oc-18e">
         <name>.debug_line</name>
         <load_address>0x1096</load_address>
         <run_address>0x1096</run_address>
         <size>0x20</size>
         <input_file_ref idref="fl-8"/>
      </object_component>
      <object_component id="oc-80">
         <name>.debug_line</name>
         <load_address>0x10b6</load_address>
         <run_address>0x10b6</run_address>
         <size>0xed</size>
         <input_file_ref idref="fl-8"/>
      </object_component>
      <object_component id="oc-192">
         <name>.debug_line</name>
         <load_address>0x11a3</load_address>
         <run_address>0x11a3</run_address>
         <size>0x77</size>
         <input_file_ref idref="fl-8"/>
      </object_component>
      <object_component id="oc-197">
         <name>.debug_line</name>
         <load_address>0x121a</load_address>
         <run_address>0x121a</run_address>
         <size>0x77</size>
         <input_file_ref idref="fl-8"/>
      </object_component>
      <object_component id="oc-e7">
         <name>.debug_line</name>
         <load_address>0x1291</load_address>
         <run_address>0x1291</run_address>
         <size>0x77</size>
         <input_file_ref idref="fl-8"/>
      </object_component>
      <object_component id="oc-1b6">
         <name>.debug_line</name>
         <load_address>0x1308</load_address>
         <run_address>0x1308</run_address>
         <size>0x73</size>
         <input_file_ref idref="fl-8"/>
      </object_component>
      <object_component id="oc-1fc">
         <name>.debug_line</name>
         <load_address>0x137b</load_address>
         <run_address>0x137b</run_address>
         <size>0x20</size>
         <input_file_ref idref="fl-9"/>
      </object_component>
      <object_component id="oc-d4">
         <name>.debug_line</name>
         <load_address>0x139b</load_address>
         <run_address>0x139b</run_address>
         <size>0xdc</size>
         <input_file_ref idref="fl-9"/>
      </object_component>
      <object_component id="oc-18a">
         <name>.debug_line</name>
         <load_address>0x1477</load_address>
         <run_address>0x1477</run_address>
         <size>0x7a</size>
         <input_file_ref idref="fl-9"/>
      </object_component>
      <object_component id="oc-1ea">
         <name>.debug_line</name>
         <load_address>0x14f1</load_address>
         <run_address>0x14f1</run_address>
         <size>0x20</size>
         <input_file_ref idref="fl-a"/>
      </object_component>
      <object_component id="oc-12b">
         <name>.debug_line</name>
         <load_address>0x1511</load_address>
         <run_address>0x1511</run_address>
         <size>0x2d8</size>
         <input_file_ref idref="fl-a"/>
      </object_component>
      <object_component id="oc-67">
         <name>.debug_line</name>
         <load_address>0x17e9</load_address>
         <run_address>0x17e9</run_address>
         <size>0x2f2</size>
         <input_file_ref idref="fl-b"/>
      </object_component>
      <object_component id="oc-2d">
         <name>.debug_line</name>
         <load_address>0x1adb</load_address>
         <run_address>0x1adb</run_address>
         <size>0x52</size>
         <input_file_ref idref="fl-d"/>
      </object_component>
      <object_component id="oc-1b9">
         <name>.debug_line</name>
         <load_address>0x1b2d</load_address>
         <run_address>0x1b2d</run_address>
         <size>0x11e</size>
         <input_file_ref idref="fl-e"/>
      </object_component>
      <object_component id="oc-92">
         <name>.debug_line</name>
         <load_address>0x1c4b</load_address>
         <run_address>0x1c4b</run_address>
         <size>0x71</size>
         <input_file_ref idref="fl-e"/>
      </object_component>
      <object_component id="oc-8c">
         <name>.debug_line</name>
         <load_address>0x1cbc</load_address>
         <run_address>0x1cbc</run_address>
         <size>0x1f3</size>
         <input_file_ref idref="fl-f"/>
      </object_component>
      <object_component id="oc-1fa">
         <name>.debug_line</name>
         <load_address>0x1eaf</load_address>
         <run_address>0x1eaf</run_address>
         <size>0x20</size>
         <input_file_ref idref="fl-10"/>
      </object_component>
      <object_component id="oc-185">
         <name>.debug_line</name>
         <load_address>0x1ecf</load_address>
         <run_address>0x1ecf</run_address>
         <size>0x77</size>
         <input_file_ref idref="fl-10"/>
      </object_component>
      <object_component id="oc-35">
         <name>.debug_line</name>
         <load_address>0x1f46</load_address>
         <run_address>0x1f46</run_address>
         <size>0x4e</size>
         <input_file_ref idref="fl-11"/>
      </object_component>
      <object_component id="oc-20">
         <name>.debug_line</name>
         <load_address>0x1f94</load_address>
         <run_address>0x1f94</run_address>
         <size>0x94</size>
         <input_file_ref idref="fl-14"/>
      </object_component>
      <object_component id="oc-7a">
         <name>.debug_line</name>
         <load_address>0x2028</load_address>
         <run_address>0x2028</run_address>
         <size>0x53</size>
         <input_file_ref idref="fl-14"/>
      </object_component>
      <object_component id="oc-141">
         <name>.debug_line</name>
         <load_address>0x207b</load_address>
         <run_address>0x207b</run_address>
         <size>0xca</size>
         <input_file_ref idref="fl-15"/>
      </object_component>
      <object_component id="oc-a2">
         <name>.debug_line</name>
         <load_address>0x2145</load_address>
         <run_address>0x2145</run_address>
         <size>0x3a</size>
         <input_file_ref idref="fl-15"/>
      </object_component>
      <object_component id="oc-38">
         <name>.debug_line</name>
         <load_address>0x217f</load_address>
         <run_address>0x217f</run_address>
         <size>0x187</size>
         <input_file_ref idref="fl-15"/>
      </object_component>
      <object_component id="oc-41">
         <name>.debug_line</name>
         <load_address>0x2306</load_address>
         <run_address>0x2306</run_address>
         <size>0x9b</size>
         <input_file_ref idref="fl-15"/>
      </object_component>
      <object_component id="oc-16d">
         <name>.debug_line</name>
         <load_address>0x23a1</load_address>
         <run_address>0x23a1</run_address>
         <size>0x3a</size>
         <input_file_ref idref="fl-15"/>
      </object_component>
      <object_component id="oc-181">
         <name>.debug_line</name>
         <load_address>0x23db</load_address>
         <run_address>0x23db</run_address>
         <size>0xce</size>
         <input_file_ref idref="fl-16"/>
      </object_component>
      <object_component id="oc-6f">
         <name>.debug_line</name>
         <load_address>0x24a9</load_address>
         <run_address>0x24a9</run_address>
         <size>0x213</size>
         <input_file_ref idref="fl-16"/>
      </object_component>
      <object_component id="oc-1d0">
         <name>.debug_line</name>
         <load_address>0x26bc</load_address>
         <run_address>0x26bc</run_address>
         <size>0xbf</size>
         <input_file_ref idref="fl-d0"/>
      </object_component>
      <object_component id="oc-f6">
         <name>.debug_line</name>
         <load_address>0x277b</load_address>
         <run_address>0x277b</run_address>
         <size>0x7b</size>
         <input_file_ref idref="fl-d0"/>
      </object_component>
      <object_component id="oc-1d4">
         <name>.debug_line</name>
         <load_address>0x27f6</load_address>
         <run_address>0x27f6</run_address>
         <size>0x2e</size>
         <input_file_ref idref="fl-d0"/>
      </object_component>
      <object_component id="oc-200">
         <name>.debug_line</name>
         <load_address>0x2824</load_address>
         <run_address>0x2824</run_address>
         <size>0x9a</size>
         <input_file_ref idref="fl-d0"/>
      </object_component>
      <object_component id="oc-1d9">
         <name>.debug_line</name>
         <load_address>0x28be</load_address>
         <run_address>0x28be</run_address>
         <size>0x97</size>
         <input_file_ref idref="fl-d0"/>
      </object_component>
      <object_component id="oc-1de">
         <name>.debug_line</name>
         <load_address>0x2955</load_address>
         <run_address>0x2955</run_address>
         <size>0x93</size>
         <input_file_ref idref="fl-d0"/>
      </object_component>
      <object_component id="oc-130">
         <name>.debug_line</name>
         <load_address>0x29e8</load_address>
         <run_address>0x29e8</run_address>
         <size>0x3c</size>
         <input_file_ref idref="fl-d5"/>
      </object_component>
      <object_component id="oc-1c9">
         <name>.debug_abbrev</name>
         <load_address>0x0</load_address>
         <run_address>0x0</run_address>
         <size>0x5f</size>
         <input_file_ref idref="fl-2"/>
      </object_component>
      <object_component id="oc-98">
         <name>.debug_abbrev</name>
         <load_address>0x5f</load_address>
         <run_address>0x5f</run_address>
         <size>0xba</size>
         <input_file_ref idref="fl-2"/>
      </object_component>
      <object_component id="oc-144">
         <name>.debug_abbrev</name>
         <load_address>0x119</load_address>
         <run_address>0x119</run_address>
         <size>0x69</size>
         <input_file_ref idref="fl-2"/>
      </object_component>
      <object_component id="oc-9e">
         <name>.debug_abbrev</name>
         <load_address>0x182</load_address>
         <run_address>0x182</run_address>
         <size>0x5a</size>
         <input_file_ref idref="fl-2"/>
      </object_component>
      <object_component id="oc-ae">
         <name>.debug_abbrev</name>
         <load_address>0x1dc</load_address>
         <run_address>0x1dc</run_address>
         <size>0x1f</size>
         <input_file_ref idref="fl-2"/>
      </object_component>
      <object_component id="oc-a9">
         <name>.debug_abbrev</name>
         <load_address>0x1fb</load_address>
         <run_address>0x1fb</run_address>
         <size>0x7c</size>
         <input_file_ref idref="fl-2"/>
      </object_component>
      <object_component id="oc-1c6">
         <name>.debug_abbrev</name>
         <load_address>0x277</load_address>
         <run_address>0x277</run_address>
         <size>0x5c</size>
         <input_file_ref idref="fl-2"/>
      </object_component>
      <object_component id="oc-13d">
         <name>.debug_abbrev</name>
         <load_address>0x2d3</load_address>
         <run_address>0x2d3</run_address>
         <size>0x24</size>
         <input_file_ref idref="fl-2"/>
      </object_component>
      <object_component id="oc-b3">
         <name>.debug_abbrev</name>
         <load_address>0x2f7</load_address>
         <run_address>0x2f7</run_address>
         <size>0x55</size>
         <input_file_ref idref="fl-2"/>
      </object_component>
      <object_component id="oc-149">
         <name>.debug_abbrev</name>
         <load_address>0x34c</load_address>
         <run_address>0x34c</run_address>
         <size>0x4b</size>
         <input_file_ref idref="fl-2"/>
      </object_component>
      <object_component id="oc-19b">
         <name>.debug_abbrev</name>
         <load_address>0x397</load_address>
         <run_address>0x397</run_address>
         <size>0x4b</size>
         <input_file_ref idref="fl-2"/>
      </object_component>
      <object_component id="oc-14e">
         <name>.debug_abbrev</name>
         <load_address>0x3e2</load_address>
         <run_address>0x3e2</run_address>
         <size>0x4b</size>
         <input_file_ref idref="fl-2"/>
      </object_component>
      <object_component id="oc-153">
         <name>.debug_abbrev</name>
         <load_address>0x42d</load_address>
         <run_address>0x42d</run_address>
         <size>0x4b</size>
         <input_file_ref idref="fl-2"/>
      </object_component>
      <object_component id="oc-158">
         <name>.debug_abbrev</name>
         <load_address>0x478</load_address>
         <run_address>0x478</run_address>
         <size>0x4b</size>
         <input_file_ref idref="fl-2"/>
      </object_component>
      <object_component id="oc-15d">
         <name>.debug_abbrev</name>
         <load_address>0x4c3</load_address>
         <run_address>0x4c3</run_address>
         <size>0x4b</size>
         <input_file_ref idref="fl-2"/>
      </object_component>
      <object_component id="oc-162">
         <name>.debug_abbrev</name>
         <load_address>0x50e</load_address>
         <run_address>0x50e</run_address>
         <size>0x5c</size>
         <input_file_ref idref="fl-2"/>
      </object_component>
      <object_component id="oc-167">
         <name>.debug_abbrev</name>
         <load_address>0x56a</load_address>
         <run_address>0x56a</run_address>
         <size>0x4b</size>
         <input_file_ref idref="fl-2"/>
      </object_component>
      <object_component id="oc-1cd">
         <name>.debug_abbrev</name>
         <load_address>0x5b5</load_address>
         <run_address>0x5b5</run_address>
         <size>0x39</size>
         <input_file_ref idref="fl-4"/>
      </object_component>
      <object_component id="oc-db">
         <name>.debug_abbrev</name>
         <load_address>0x5ee</load_address>
         <run_address>0x5ee</run_address>
         <size>0xd8</size>
         <input_file_ref idref="fl-4"/>
      </object_component>
      <object_component id="oc-4a">
         <name>.debug_abbrev</name>
         <load_address>0x6c6</load_address>
         <run_address>0x6c6</run_address>
         <size>0x1f</size>
         <input_file_ref idref="fl-4"/>
      </object_component>
      <object_component id="oc-de">
         <name>.debug_abbrev</name>
         <load_address>0x6e5</load_address>
         <run_address>0x6e5</run_address>
         <size>0xa3</size>
         <input_file_ref idref="fl-4"/>
      </object_component>
      <object_component id="oc-19e">
         <name>.debug_abbrev</name>
         <load_address>0x788</load_address>
         <run_address>0x788</run_address>
         <size>0x76</size>
         <input_file_ref idref="fl-5"/>
      </object_component>
      <object_component id="oc-e9">
         <name>.debug_abbrev</name>
         <load_address>0x7fe</load_address>
         <run_address>0x7fe</run_address>
         <size>0xc8</size>
         <input_file_ref idref="fl-5"/>
      </object_component>
      <object_component id="oc-9b">
         <name>.debug_abbrev</name>
         <load_address>0x8c6</load_address>
         <run_address>0x8c6</run_address>
         <size>0x6f</size>
         <input_file_ref idref="fl-5"/>
      </object_component>
      <object_component id="oc-ec">
         <name>.debug_abbrev</name>
         <load_address>0x935</load_address>
         <run_address>0x935</run_address>
         <size>0x6b</size>
         <input_file_ref idref="fl-5"/>
      </object_component>
      <object_component id="oc-1e2">
         <name>.debug_abbrev</name>
         <load_address>0x9a0</load_address>
         <run_address>0x9a0</run_address>
         <size>0x52</size>
         <input_file_ref idref="fl-6"/>
      </object_component>
      <object_component id="oc-1af">
         <name>.debug_abbrev</name>
         <load_address>0x9f2</load_address>
         <run_address>0x9f2</run_address>
         <size>0xc8</size>
         <input_file_ref idref="fl-6"/>
      </object_component>
      <object_component id="oc-1e6">
         <name>.debug_abbrev</name>
         <load_address>0xaba</load_address>
         <run_address>0xaba</run_address>
         <size>0x4b</size>
         <input_file_ref idref="fl-6"/>
      </object_component>
      <object_component id="oc-18d">
         <name>.debug_abbrev</name>
         <load_address>0xb05</load_address>
         <run_address>0xb05</run_address>
         <size>0x4f</size>
         <input_file_ref idref="fl-8"/>
      </object_component>
      <object_component id="oc-e2">
         <name>.debug_abbrev</name>
         <load_address>0xb54</load_address>
         <run_address>0xb54</run_address>
         <size>0x6c</size>
         <input_file_ref idref="fl-8"/>
      </object_component>
      <object_component id="oc-191">
         <name>.debug_abbrev</name>
         <load_address>0xbc0</load_address>
         <run_address>0xbc0</run_address>
         <size>0x5a</size>
         <input_file_ref idref="fl-8"/>
      </object_component>
      <object_component id="oc-196">
         <name>.debug_abbrev</name>
         <load_address>0xc1a</load_address>
         <run_address>0xc1a</run_address>
         <size>0x7f</size>
         <input_file_ref idref="fl-8"/>
      </object_component>
      <object_component id="oc-e6">
         <name>.debug_abbrev</name>
         <load_address>0xc99</load_address>
         <run_address>0xc99</run_address>
         <size>0x6b</size>
         <input_file_ref idref="fl-8"/>
      </object_component>
      <object_component id="oc-1b5">
         <name>.debug_abbrev</name>
         <load_address>0xd04</load_address>
         <run_address>0xd04</run_address>
         <size>0x89</size>
         <input_file_ref idref="fl-8"/>
      </object_component>
      <object_component id="oc-1fb">
         <name>.debug_abbrev</name>
         <load_address>0xd8d</load_address>
         <run_address>0xd8d</run_address>
         <size>0x4f</size>
         <input_file_ref idref="fl-9"/>
      </object_component>
      <object_component id="oc-17f">
         <name>.debug_abbrev</name>
         <load_address>0xddc</load_address>
         <run_address>0xddc</run_address>
         <size>0x50</size>
         <input_file_ref idref="fl-9"/>
      </object_component>
      <object_component id="oc-189">
         <name>.debug_abbrev</name>
         <load_address>0xe2c</load_address>
         <run_address>0xe2c</run_address>
         <size>0x4b</size>
         <input_file_ref idref="fl-9"/>
      </object_component>
      <object_component id="oc-1e9">
         <name>.debug_abbrev</name>
         <load_address>0xe77</load_address>
         <run_address>0xe77</run_address>
         <size>0x52</size>
         <input_file_ref idref="fl-a"/>
      </object_component>
      <object_component id="oc-1b1">
         <name>.debug_abbrev</name>
         <load_address>0xec9</load_address>
         <run_address>0xec9</run_address>
         <size>0xf7</size>
         <input_file_ref idref="fl-a"/>
      </object_component>
      <object_component id="oc-d2">
         <name>.debug_abbrev</name>
         <load_address>0xfc0</load_address>
         <run_address>0xfc0</run_address>
         <size>0x44</size>
         <input_file_ref idref="fl-b"/>
      </object_component>
      <object_component id="oc-a4">
         <name>.debug_abbrev</name>
         <load_address>0x1004</load_address>
         <run_address>0x1004</run_address>
         <size>0x38</size>
         <input_file_ref idref="fl-d"/>
      </object_component>
      <object_component id="oc-1b8">
         <name>.debug_abbrev</name>
         <load_address>0x103c</load_address>
         <run_address>0x103c</run_address>
         <size>0xa4</size>
         <input_file_ref idref="fl-e"/>
      </object_component>
      <object_component id="oc-12d">
         <name>.debug_abbrev</name>
         <load_address>0x10e0</load_address>
         <run_address>0x10e0</run_address>
         <size>0xa9</size>
         <input_file_ref idref="fl-e"/>
      </object_component>
      <object_component id="oc-f0">
         <name>.debug_abbrev</name>
         <load_address>0x1189</load_address>
         <run_address>0x1189</run_address>
         <size>0x36</size>
         <input_file_ref idref="fl-f"/>
      </object_component>
      <object_component id="oc-1f9">
         <name>.debug_abbrev</name>
         <load_address>0x11bf</load_address>
         <run_address>0x11bf</run_address>
         <size>0x4f</size>
         <input_file_ref idref="fl-10"/>
      </object_component>
      <object_component id="oc-184">
         <name>.debug_abbrev</name>
         <load_address>0x120e</load_address>
         <run_address>0x120e</run_address>
         <size>0x5a</size>
         <input_file_ref idref="fl-10"/>
      </object_component>
      <object_component id="oc-a5">
         <name>.debug_abbrev</name>
         <load_address>0x1268</load_address>
         <run_address>0x1268</run_address>
         <size>0x53</size>
         <input_file_ref idref="fl-11"/>
      </object_component>
      <object_component id="oc-95">
         <name>.debug_abbrev</name>
         <load_address>0x12bb</load_address>
         <run_address>0x12bb</run_address>
         <size>0x63</size>
         <input_file_ref idref="fl-14"/>
      </object_component>
      <object_component id="oc-e1">
         <name>.debug_abbrev</name>
         <load_address>0x131e</load_address>
         <run_address>0x131e</run_address>
         <size>0x42</size>
         <input_file_ref idref="fl-14"/>
      </object_component>
      <object_component id="oc-140">
         <name>.debug_abbrev</name>
         <load_address>0x1360</load_address>
         <run_address>0x1360</run_address>
         <size>0xab</size>
         <input_file_ref idref="fl-15"/>
      </object_component>
      <object_component id="oc-a1">
         <name>.debug_abbrev</name>
         <load_address>0x140b</load_address>
         <run_address>0x140b</run_address>
         <size>0x27</size>
         <input_file_ref idref="fl-15"/>
      </object_component>
      <object_component id="oc-a6">
         <name>.debug_abbrev</name>
         <load_address>0x1432</load_address>
         <run_address>0x1432</run_address>
         <size>0xa4</size>
         <input_file_ref idref="fl-15"/>
      </object_component>
      <object_component id="oc-b6">
         <name>.debug_abbrev</name>
         <load_address>0x14d6</load_address>
         <run_address>0x14d6</run_address>
         <size>0x6f</size>
         <input_file_ref idref="fl-15"/>
      </object_component>
      <object_component id="oc-16c">
         <name>.debug_abbrev</name>
         <load_address>0x1545</load_address>
         <run_address>0x1545</run_address>
         <size>0x4b</size>
         <input_file_ref idref="fl-15"/>
      </object_component>
      <object_component id="oc-180">
         <name>.debug_abbrev</name>
         <load_address>0x1590</load_address>
         <run_address>0x1590</run_address>
         <size>0x77</size>
         <input_file_ref idref="fl-16"/>
      </object_component>
      <object_component id="oc-d9">
         <name>.debug_abbrev</name>
         <load_address>0x1607</load_address>
         <run_address>0x1607</run_address>
         <size>0x103</size>
         <input_file_ref idref="fl-16"/>
      </object_component>
      <object_component id="oc-1cf">
         <name>.debug_abbrev</name>
         <load_address>0x170a</load_address>
         <run_address>0x170a</run_address>
         <size>0xc0</size>
         <input_file_ref idref="fl-d0"/>
      </object_component>
      <object_component id="oc-1a0">
         <name>.debug_abbrev</name>
         <load_address>0x17ca</load_address>
         <run_address>0x17ca</run_address>
         <size>0x7e</size>
         <input_file_ref idref="fl-d0"/>
      </object_component>
      <object_component id="oc-1d3">
         <name>.debug_abbrev</name>
         <load_address>0x1848</load_address>
         <run_address>0x1848</run_address>
         <size>0x24</size>
         <input_file_ref idref="fl-d0"/>
      </object_component>
      <object_component id="oc-1ff">
         <name>.debug_abbrev</name>
         <load_address>0x186c</load_address>
         <run_address>0x186c</run_address>
         <size>0x24</size>
         <input_file_ref idref="fl-d0"/>
      </object_component>
      <object_component id="oc-1d8">
         <name>.debug_abbrev</name>
         <load_address>0x1890</load_address>
         <run_address>0x1890</run_address>
         <size>0x24</size>
         <input_file_ref idref="fl-d0"/>
      </object_component>
      <object_component id="oc-1dd">
         <name>.debug_abbrev</name>
         <load_address>0x18b4</load_address>
         <run_address>0x18b4</run_address>
         <size>0x4b</size>
         <input_file_ref idref="fl-d0"/>
      </object_component>
      <object_component id="oc-1ba">
         <name>.debug_abbrev</name>
         <load_address>0x18ff</load_address>
         <run_address>0x18ff</run_address>
         <size>0x45</size>
         <input_file_ref idref="fl-d5"/>
      </object_component>
      <object_component id="oc-233">
         <name>.debug_abbrev</name>
         <load_address>0x1944</load_address>
         <run_address>0x1944</run_address>
         <size>0xf</size>
      </object_component>
      <object_component id="oc-9a">
         <name>.debug_str</name>
         <load_address>0x0</load_address>
         <run_address>0x0</run_address>
         <size>0x485</size>
         <input_file_ref idref="fl-2"/>
      </object_component>
      <object_component id="oc-146">
         <name>.debug_str</name>
         <load_address>0x485</load_address>
         <run_address>0x485</run_address>
         <size>0x2c4</size>
         <input_file_ref idref="fl-2"/>
      </object_component>
      <object_component id="oc-a0">
         <name>.debug_str</name>
         <load_address>0x749</load_address>
         <run_address>0x749</run_address>
         <size>0x1cc</size>
         <input_file_ref idref="fl-2"/>
      </object_component>
      <object_component id="oc-b0">
         <name>.debug_str</name>
         <load_address>0x915</load_address>
         <run_address>0x915</run_address>
         <size>0xfd</size>
         <input_file_ref idref="fl-2"/>
      </object_component>
      <object_component id="oc-ab">
         <name>.debug_str</name>
         <load_address>0xa12</load_address>
         <run_address>0xa12</run_address>
         <size>0x250</size>
         <input_file_ref idref="fl-2"/>
      </object_component>
      <object_component id="oc-1c8">
         <name>.debug_str</name>
         <load_address>0xc62</load_address>
         <run_address>0xc62</run_address>
         <size>0x35a</size>
         <input_file_ref idref="fl-2"/>
      </object_component>
      <object_component id="oc-13f">
         <name>.debug_str</name>
         <load_address>0xfbc</load_address>
         <run_address>0xfbc</run_address>
         <size>0x15c</size>
         <input_file_ref idref="fl-2"/>
      </object_component>
      <object_component id="oc-b5">
         <name>.debug_str</name>
         <load_address>0x1118</load_address>
         <run_address>0x1118</run_address>
         <size>0x17a</size>
         <input_file_ref idref="fl-2"/>
      </object_component>
      <object_component id="oc-14b">
         <name>.debug_str</name>
         <load_address>0x1292</load_address>
         <run_address>0x1292</run_address>
         <size>0x16a</size>
         <input_file_ref idref="fl-2"/>
      </object_component>
      <object_component id="oc-19d">
         <name>.debug_str</name>
         <load_address>0x13fc</load_address>
         <run_address>0x13fc</run_address>
         <size>0x189</size>
         <input_file_ref idref="fl-2"/>
      </object_component>
      <object_component id="oc-150">
         <name>.debug_str</name>
         <load_address>0x1585</load_address>
         <run_address>0x1585</run_address>
         <size>0x1ba</size>
         <input_file_ref idref="fl-2"/>
      </object_component>
      <object_component id="oc-155">
         <name>.debug_str</name>
         <load_address>0x173f</load_address>
         <run_address>0x173f</run_address>
         <size>0x2db</size>
         <input_file_ref idref="fl-2"/>
      </object_component>
      <object_component id="oc-15a">
         <name>.debug_str</name>
         <load_address>0x1a1a</load_address>
         <run_address>0x1a1a</run_address>
         <size>0x18e</size>
         <input_file_ref idref="fl-2"/>
      </object_component>
      <object_component id="oc-15f">
         <name>.debug_str</name>
         <load_address>0x1ba8</load_address>
         <run_address>0x1ba8</run_address>
         <size>0x1b1</size>
         <input_file_ref idref="fl-2"/>
      </object_component>
      <object_component id="oc-164">
         <name>.debug_str</name>
         <load_address>0x1d59</load_address>
         <run_address>0x1d59</run_address>
         <size>0x38b</size>
         <input_file_ref idref="fl-2"/>
      </object_component>
      <object_component id="oc-169">
         <name>.debug_str</name>
         <load_address>0x20e4</load_address>
         <run_address>0x20e4</run_address>
         <size>0x28f</size>
         <input_file_ref idref="fl-2"/>
      </object_component>
      <object_component id="oc-4c">
         <name>.debug_str</name>
         <load_address>0x2373</load_address>
         <run_address>0x2373</run_address>
         <size>0xfd</size>
         <input_file_ref idref="fl-4"/>
      </object_component>
      <object_component id="oc-e0">
         <name>.debug_str</name>
         <load_address>0x2470</load_address>
         <run_address>0x2470</run_address>
         <size>0x572</size>
         <input_file_ref idref="fl-4"/>
      </object_component>
      <object_component id="oc-ee">
         <name>.debug_str</name>
         <load_address>0x29e2</load_address>
         <run_address>0x29e2</run_address>
         <size>0x21a</size>
         <input_file_ref idref="fl-5"/>
      </object_component>
      <object_component id="oc-1e8">
         <name>.debug_str</name>
         <load_address>0x2bfc</load_address>
         <run_address>0x2bfc</run_address>
         <size>0x1d5</size>
         <input_file_ref idref="fl-6"/>
      </object_component>
      <object_component id="oc-193">
         <name>.debug_str</name>
         <load_address>0x2dd1</load_address>
         <run_address>0x2dd1</run_address>
         <size>0x210</size>
         <input_file_ref idref="fl-8"/>
      </object_component>
      <object_component id="oc-198">
         <name>.debug_str</name>
         <load_address>0x2fe1</load_address>
         <run_address>0x2fe1</run_address>
         <size>0x4f5</size>
         <input_file_ref idref="fl-8"/>
      </object_component>
      <object_component id="oc-e8">
         <name>.debug_str</name>
         <load_address>0x34d6</load_address>
         <run_address>0x34d6</run_address>
         <size>0x7b0</size>
         <input_file_ref idref="fl-8"/>
      </object_component>
      <object_component id="oc-1b7">
         <name>.debug_str</name>
         <load_address>0x3c86</load_address>
         <run_address>0x3c86</run_address>
         <size>0x31d</size>
         <input_file_ref idref="fl-8"/>
      </object_component>
      <object_component id="oc-18b">
         <name>.debug_str</name>
         <load_address>0x3fa3</load_address>
         <run_address>0x3fa3</run_address>
         <size>0x1e0</size>
         <input_file_ref idref="fl-9"/>
      </object_component>
      <object_component id="oc-186">
         <name>.debug_str</name>
         <load_address>0x4183</load_address>
         <run_address>0x4183</run_address>
         <size>0x31b</size>
         <input_file_ref idref="fl-10"/>
      </object_component>
      <object_component id="oc-16e">
         <name>.debug_str</name>
         <load_address>0x449e</load_address>
         <run_address>0x449e</run_address>
         <size>0xd2</size>
         <input_file_ref idref="fl-15"/>
      </object_component>
      <object_component id="oc-1d5">
         <name>.debug_str</name>
         <load_address>0x4570</load_address>
         <run_address>0x4570</run_address>
         <size>0xed</size>
         <input_file_ref idref="fl-d0"/>
      </object_component>
      <object_component id="oc-201">
         <name>.debug_str</name>
         <load_address>0x465d</load_address>
         <run_address>0x465d</run_address>
         <size>0x157</size>
         <input_file_ref idref="fl-d0"/>
      </object_component>
      <object_component id="oc-1da">
         <name>.debug_str</name>
         <load_address>0x47b4</load_address>
         <run_address>0x47b4</run_address>
         <size>0x150</size>
         <input_file_ref idref="fl-d0"/>
      </object_component>
      <object_component id="oc-1df">
         <name>.debug_str</name>
         <load_address>0x4904</load_address>
         <run_address>0x4904</run_address>
         <size>0x197</size>
         <input_file_ref idref="fl-d0"/>
      </object_component>
      <object_component id="oc-97">
         <name>.debug_pubtypes</name>
         <load_address>0x0</load_address>
         <run_address>0x0</run_address>
         <size>0x7d</size>
         <input_file_ref idref="fl-2"/>
      </object_component>
      <object_component id="oc-143">
         <name>.debug_pubtypes</name>
         <load_address>0x7d</load_address>
         <run_address>0x7d</run_address>
         <size>0x25c</size>
         <input_file_ref idref="fl-2"/>
      </object_component>
      <object_component id="oc-9d">
         <name>.debug_pubtypes</name>
         <load_address>0x2d9</load_address>
         <run_address>0x2d9</run_address>
         <size>0xc6</size>
         <input_file_ref idref="fl-2"/>
      </object_component>
      <object_component id="oc-ad">
         <name>.debug_pubtypes</name>
         <load_address>0x39f</load_address>
         <run_address>0x39f</run_address>
         <size>0xff</size>
         <input_file_ref idref="fl-2"/>
      </object_component>
      <object_component id="oc-a8">
         <name>.debug_pubtypes</name>
         <load_address>0x49e</load_address>
         <run_address>0x49e</run_address>
         <size>0x75</size>
         <input_file_ref idref="fl-2"/>
      </object_component>
      <object_component id="oc-1c5">
         <name>.debug_pubtypes</name>
         <load_address>0x513</load_address>
         <run_address>0x513</run_address>
         <size>0x330</size>
         <input_file_ref idref="fl-2"/>
      </object_component>
      <object_component id="oc-13c">
         <name>.debug_pubtypes</name>
         <load_address>0x843</load_address>
         <run_address>0x843</run_address>
         <size>0xaa</size>
         <input_file_ref idref="fl-2"/>
      </object_component>
      <object_component id="oc-b2">
         <name>.debug_pubtypes</name>
         <load_address>0x8ed</load_address>
         <run_address>0x8ed</run_address>
         <size>0x71</size>
         <input_file_ref idref="fl-2"/>
      </object_component>
      <object_component id="oc-148">
         <name>.debug_pubtypes</name>
         <load_address>0x95e</load_address>
         <run_address>0x95e</run_address>
         <size>0x30</size>
         <input_file_ref idref="fl-2"/>
      </object_component>
      <object_component id="oc-19a">
         <name>.debug_pubtypes</name>
         <load_address>0x98e</load_address>
         <run_address>0x98e</run_address>
         <size>0x2c</size>
         <input_file_ref idref="fl-2"/>
      </object_component>
      <object_component id="oc-14d">
         <name>.debug_pubtypes</name>
         <load_address>0x9ba</load_address>
         <run_address>0x9ba</run_address>
         <size>0x2c</size>
         <input_file_ref idref="fl-2"/>
      </object_component>
      <object_component id="oc-152">
         <name>.debug_pubtypes</name>
         <load_address>0x9e6</load_address>
         <run_address>0x9e6</run_address>
         <size>0x32</size>
         <input_file_ref idref="fl-2"/>
      </object_component>
      <object_component id="oc-157">
         <name>.debug_pubtypes</name>
         <load_address>0xa18</load_address>
         <run_address>0xa18</run_address>
         <size>0x46</size>
         <input_file_ref idref="fl-2"/>
      </object_component>
      <object_component id="oc-15c">
         <name>.debug_pubtypes</name>
         <load_address>0xa5e</load_address>
         <run_address>0xa5e</run_address>
         <size>0x32</size>
         <input_file_ref idref="fl-2"/>
      </object_component>
      <object_component id="oc-161">
         <name>.debug_pubtypes</name>
         <load_address>0xa90</load_address>
         <run_address>0xa90</run_address>
         <size>0x56</size>
         <input_file_ref idref="fl-2"/>
      </object_component>
      <object_component id="oc-166">
         <name>.debug_pubtypes</name>
         <load_address>0xae6</load_address>
         <run_address>0xae6</run_address>
         <size>0x2c</size>
         <input_file_ref idref="fl-2"/>
      </object_component>
      <object_component id="oc-49">
         <name>.debug_pubtypes</name>
         <load_address>0xb12</load_address>
         <run_address>0xb12</run_address>
         <size>0xed</size>
         <input_file_ref idref="fl-4"/>
      </object_component>
      <object_component id="oc-dd">
         <name>.debug_pubtypes</name>
         <load_address>0xbff</load_address>
         <run_address>0xbff</run_address>
         <size>0xb6</size>
         <input_file_ref idref="fl-4"/>
      </object_component>
      <object_component id="oc-eb">
         <name>.debug_pubtypes</name>
         <load_address>0xcb5</load_address>
         <run_address>0xcb5</run_address>
         <size>0x64</size>
         <input_file_ref idref="fl-5"/>
      </object_component>
      <object_component id="oc-1e5">
         <name>.debug_pubtypes</name>
         <load_address>0xd19</load_address>
         <run_address>0xd19</run_address>
         <size>0x3a</size>
         <input_file_ref idref="fl-6"/>
      </object_component>
      <object_component id="oc-190">
         <name>.debug_pubtypes</name>
         <load_address>0xd53</load_address>
         <run_address>0xd53</run_address>
         <size>0x2c</size>
         <input_file_ref idref="fl-8"/>
      </object_component>
      <object_component id="oc-195">
         <name>.debug_pubtypes</name>
         <load_address>0xd7f</load_address>
         <run_address>0xd7f</run_address>
         <size>0x3d</size>
         <input_file_ref idref="fl-8"/>
      </object_component>
      <object_component id="oc-e5">
         <name>.debug_pubtypes</name>
         <load_address>0xdbc</load_address>
         <run_address>0xdbc</run_address>
         <size>0x1cf</size>
         <input_file_ref idref="fl-8"/>
      </object_component>
      <object_component id="oc-1b4">
         <name>.debug_pubtypes</name>
         <load_address>0xf8b</load_address>
         <run_address>0xf8b</run_address>
         <size>0xde</size>
         <input_file_ref idref="fl-8"/>
      </object_component>
      <object_component id="oc-188">
         <name>.debug_pubtypes</name>
         <load_address>0x1069</load_address>
         <run_address>0x1069</run_address>
         <size>0x32</size>
         <input_file_ref idref="fl-9"/>
      </object_component>
      <object_component id="oc-183">
         <name>.debug_pubtypes</name>
         <load_address>0x109b</load_address>
         <run_address>0x109b</run_address>
         <size>0x2c</size>
         <input_file_ref idref="fl-10"/>
      </object_component>
      <object_component id="oc-16b">
         <name>.debug_pubtypes</name>
         <load_address>0x10c7</load_address>
         <run_address>0x10c7</run_address>
         <size>0x2a</size>
         <input_file_ref idref="fl-15"/>
      </object_component>
      <object_component id="oc-1d2">
         <name>.debug_pubtypes</name>
         <load_address>0x10f1</load_address>
         <run_address>0x10f1</run_address>
         <size>0x32</size>
         <input_file_ref idref="fl-d0"/>
      </object_component>
      <object_component id="oc-1fe">
         <name>.debug_pubtypes</name>
         <load_address>0x1123</load_address>
         <run_address>0x1123</run_address>
         <size>0x30</size>
         <input_file_ref idref="fl-d0"/>
      </object_component>
      <object_component id="oc-1d7">
         <name>.debug_pubtypes</name>
         <load_address>0x1153</load_address>
         <run_address>0x1153</run_address>
         <size>0x2c</size>
         <input_file_ref idref="fl-d0"/>
      </object_component>
      <object_component id="oc-1dc">
         <name>.debug_pubtypes</name>
         <load_address>0x117f</load_address>
         <run_address>0x117f</run_address>
         <size>0x50</size>
         <input_file_ref idref="fl-d0"/>
      </object_component>
      <object_component id="oc-74">
         <name>.debug_frame</name>
         <load_address>0x0</load_address>
         <run_address>0x0</run_address>
         <size>0xd0</size>
         <input_file_ref idref="fl-4"/>
      </object_component>
      <object_component id="oc-83">
         <name>.debug_frame</name>
         <load_address>0xd0</load_address>
         <run_address>0xd0</run_address>
         <size>0x274</size>
         <input_file_ref idref="fl-5"/>
      </object_component>
      <object_component id="oc-27">
         <name>.debug_frame</name>
         <load_address>0x344</load_address>
         <run_address>0x344</run_address>
         <size>0xb0</size>
         <input_file_ref idref="fl-5"/>
      </object_component>
      <object_component id="oc-125">
         <name>.debug_frame</name>
         <load_address>0x3f4</load_address>
         <run_address>0x3f4</run_address>
         <size>0x12c</size>
         <input_file_ref idref="fl-6"/>
      </object_component>
      <object_component id="oc-81">
         <name>.debug_frame</name>
         <load_address>0x520</load_address>
         <run_address>0x520</run_address>
         <size>0xf8</size>
         <input_file_ref idref="fl-8"/>
      </object_component>
      <object_component id="oc-d6">
         <name>.debug_frame</name>
         <load_address>0x618</load_address>
         <run_address>0x618</run_address>
         <size>0x58</size>
         <input_file_ref idref="fl-9"/>
      </object_component>
      <object_component id="oc-12c">
         <name>.debug_frame</name>
         <load_address>0x670</load_address>
         <run_address>0x670</run_address>
         <size>0x234</size>
         <input_file_ref idref="fl-a"/>
      </object_component>
      <object_component id="oc-93">
         <name>.debug_frame</name>
         <load_address>0x8a4</load_address>
         <run_address>0x8a4</run_address>
         <size>0x74</size>
         <input_file_ref idref="fl-e"/>
      </object_component>
      <object_component id="oc-34">
         <name>.debug_frame</name>
         <load_address>0x918</load_address>
         <run_address>0x918</run_address>
         <size>0x54</size>
         <input_file_ref idref="fl-11"/>
      </object_component>
      <object_component id="oc-21">
         <name>.debug_frame</name>
         <load_address>0x96c</load_address>
         <run_address>0x96c</run_address>
         <size>0x50</size>
         <input_file_ref idref="fl-14"/>
      </object_component>
      <object_component id="oc-7b">
         <name>.debug_frame</name>
         <load_address>0x9bc</load_address>
         <run_address>0x9bc</run_address>
         <size>0x54</size>
         <input_file_ref idref="fl-14"/>
      </object_component>
      <object_component id="oc-3c">
         <name>.debug_frame</name>
         <load_address>0xa10</load_address>
         <run_address>0xa10</run_address>
         <size>0xbc</size>
         <input_file_ref idref="fl-15"/>
      </object_component>
      <object_component id="oc-40">
         <name>.debug_frame</name>
         <load_address>0xacc</load_address>
         <run_address>0xacc</run_address>
         <size>0xb0</size>
         <input_file_ref idref="fl-15"/>
      </object_component>
      <object_component id="oc-6b">
         <name>.debug_frame</name>
         <load_address>0xb7c</load_address>
         <run_address>0xb7c</run_address>
         <size>0x120</size>
         <input_file_ref idref="fl-16"/>
      </object_component>
      <object_component id="oc-f2">
         <name>.debug_frame</name>
         <load_address>0xc9c</load_address>
         <run_address>0xc9c</run_address>
         <size>0x5c</size>
         <input_file_ref idref="fl-d0"/>
      </object_component>
      <object_component id="oc-134">
         <name>.debug_frame</name>
         <load_address>0xcf8</load_address>
         <run_address>0xcf8</run_address>
         <size>0x54</size>
         <input_file_ref idref="fl-d5"/>
      </object_component>
      <object_component id="oc-73">
         <name>.debug_aranges</name>
         <load_address>0x0</load_address>
         <run_address>0x0</run_address>
         <size>0x40</size>
         <input_file_ref idref="fl-4"/>
      </object_component>
      <object_component id="oc-86">
         <name>.debug_aranges</name>
         <load_address>0x40</load_address>
         <run_address>0x40</run_address>
         <size>0xd8</size>
[...]
      </symbol>
      <symbol id="sm-138">
         <name>esmSetInterruptLevelUpper</name>
         <value>0x1fcc</value>
         <object_component_ref idref="oc-82"/>
      </symbol>
      <symbol id="sm-139">
         <name>esmEnableInterrupt</name>
         <value>0x1ed0</value>
         <object_component_ref idref="oc-82"/>
      </symbol>
      <symbol id="sm-13a">
         <name>esmActivateNormalOperation</name>
         <value>0x1ec0</value>
         <object_component_ref idref="oc-82"/>
      </symbol>
      <symbol id="sm-13b">
         <name>esmEnableError</name>
         <value>0x1e28</value>
         <object_component_ref idref="oc-82"/>
      </symbol>
      <symbol id="sm-13c">
         <name>esmTriggerErrorPinReset</name>
         <value>0x1eb0</value>
         <object_component_ref idref="oc-82"/>
      </symbol>
      <symbol id="sm-13d">
         <name>esmDisableInterrupt</name>
         <value>0x1f14</value>
         <object_component_ref idref="oc-82"/>
      </symbol>
      <symbol id="sm-13e">
         <name>esmGetConfigValue</name>
         <value>0x2278</value>
         <object_component_ref idref="oc-82"/>
      </symbol>
      <symbol id="sm-176">
         <name>gioInit</name>
         <value>0x3138</value>
         <object_component_ref idref="oc-121"/>
      </symbol>
      <symbol id="sm-177">
         <name>gioSetDirection</name>
         <value>0x3208</value>
         <object_component_ref idref="oc-121"/>
      </symbol>
      <symbol id="sm-178">
         <name>gioDisableNotification</name>
         <value>0x3398</value>
         <object_component_ref idref="oc-121"/>
      </symbol>
      <symbol id="sm-179">
         <name>gioSetPort</name>
         <value>0x3278</value>
         <object_component_ref idref="oc-121"/>
      </symbol>
      <symbol id="sm-17a">
         <name>gioGetConfigValue</name>
         <value>0x3400</value>
         <object_component_ref idref="oc-121"/>
      </symbol>
      <symbol id="sm-17b">
         <name>gioEnableNotification</name>
         <value>0x3330</value>
         <object_component_ref idref="oc-121"/>
      </symbol>
      <symbol id="sm-17c">
         <name>gioToggleBit</name>
         <value>0x32d8</value>
         <object_component_ref idref="oc-121"/>
      </symbol>
      <symbol id="sm-17d">
         <name>gioGetBit</name>
         <value>0x3298</value>
         <object_component_ref idref="oc-121"/>
      </symbol>
      <symbol id="sm-17e">
         <name>gioSetBit</name>
         <value>0x3228</value>
         <object_component_ref idref="oc-121"/>
      </symbol>
      <symbol id="sm-17f">
         <name>gioGetPort</name>
         <value>0x32c0</value>
         <object_component_ref idref="oc-121"/>
      </symbol>
      <symbol id="sm-1a9">
         <name>epcFIFOFullNotification</name>
         <value>0x42f0</value>
         <object_component_ref idref="oc-7c"/>
      </symbol>
      <symbol id="sm-1aa">
         <name>esmGroup2Notification</name>
         <value>0x428c</value>
         <object_component_ref idref="oc-7c"/>
      </symbol>
      <symbol id="sm-1ab">
         <name>epcCAMFullNotification</name>
         <value>0x42ec</value>
         <object_component_ref idref="oc-7c"/>
      </symbol>
      <symbol id="sm-1ac">
         <name>esmGroup1Notification</name>
         <value>0x4278</value>
         <object_component_ref idref="oc-7c"/>
      </symbol>
      <symbol id="sm-1ad">
         <name>esmGroup3Notification</name>
         <value>0x42a0</value>
         <object_component_ref idref="oc-7c"/>
      </symbol>
      <symbol id="sm-1ae">
         <name>dmaGroupANotification</name>
         <value>0x42b0</value>
         <object_component_ref idref="oc-7c"/>
      </symbol>
      <symbol id="sm-1af">
         <name>gioNotification</name>
         <value>0x42d8</value>
         <object_component_ref idref="oc-7c"/>
      </symbol>
      <symbol id="sm-21d">
         <name>muxInit</name>
         <value>0x20</value>
         <object_component_ref idref="oc-d3"/>
      </symbol>
      <symbol id="sm-266">
         <name>rtiEnableNotification</name>
         <value>0x2920</value>
         <object_component_ref idref="oc-127"/>
      </symbol>
      <symbol id="sm-267">
         <name>rtiSetPeriod</name>
         <value>0x25fc</value>
         <object_component_ref idref="oc-127"/>
      </symbol>
      <symbol id="sm-268">
         <name>dwdCounterEnable</name>
         <value>0x277c</value>
         <object_component_ref idref="oc-127"/>
      </symbol>
      <symbol id="sm-269">
         <name>dwdInit</name>
         <value>0x26ec</value>
         <object_component_ref idref="oc-127"/>
      </symbol>
      <symbol id="sm-26a">
         <name>rtiInit</name>
         <value>0x243c</value>
         <object_component_ref idref="oc-127"/>
      </symbol>
      <symbol id="sm-26b">
         <name>rtiGetCurrentTick</name>
         <value>0x2654</value>
         <object_component_ref idref="oc-127"/>
      </symbol>
      <symbol id="sm-26c">
         <name>IsdwdKeySequenceCorrect</name>
         <value>0x2808</value>
         <object_component_ref idref="oc-127"/>
      </symbol>
      <symbol id="sm-26d">
         <name>dwwdGetCurrentDownCounter</name>
         <value>0x2764</value>
         <object_component_ref idref="oc-127"/>
      </symbol>
      <symbol id="sm-26e">
         <name>dwwdInit</name>
         <value>0x2718</value>
         <object_component_ref idref="oc-127"/>
      </symbol>
      <symbol id="sm-26f">
         <name>dwdReset</name>
         <value>0x27b8</value>
         <object_component_ref idref="oc-127"/>
      </symbol>
      <symbol id="sm-270">
         <name>dwdGetViolationStatus</name>
         <value>0x2894</value>
         <object_component_ref idref="oc-127"/>
      </symbol>
      <symbol id="sm-271">
         <name>rtiStopCounter</name>
         <value>0x2560</value>
         <object_component_ref idref="oc-127"/>
      </symbol>
      <symbol id="sm-272">
         <name>rtiDisableNotification</name>
         <value>0x294c</value>
         <object_component_ref idref="oc-127"/>
      </symbol>
      <symbol id="sm-273">
         <name>dwdSetPreload</name>
         <value>0x2798</value>
         <object_component_ref idref="oc-127"/>
      </symbol>
      <symbol id="sm-274">
         <name>dwdGenerateSysReset</name>
         <value>0x27e0</value>
         <object_component_ref idref="oc-127"/>
      </symbol>
      <symbol id="sm-275">
         <name>dwdGetStatus</name>
         <value>0x2840</value>
         <object_component_ref idref="oc-127"/>
      </symbol>
      <symbol id="sm-276">
         <name>rtiStartCounter</name>
         <value>0x2530</value>
         <object_component_ref idref="oc-127"/>
      </symbol>
      <symbol id="sm-277">
         <name>dwdClearFlag</name>
         <value>0x2878</value>
         <object_component_ref idref="oc-127"/>
      </symbol>
      <symbol id="sm-278">
         <name>rtiGetPeriod</name>
         <value>0x2628</value>
         <object_component_ref idref="oc-127"/>
      </symbol>
      <symbol id="sm-279">
         <name>rtiGetConfigValue</name>
         <value>0x296c</value>
         <object_component_ref idref="oc-127"/>
      </symbol>
      <symbol id="sm-27a">
         <name>rtiResetCounter</name>
         <value>0x2590</value>
         <object_component_ref idref="oc-127"/>
      </symbol>
      <symbol id="sm-2a6">
         <name>_iCacheInvalidate_</name>
         <value>0x3964</value>
         <object_component_ref idref="oc-65"/>
      </symbol>
      <symbol id="sm-2a7">
         <name>_disable_IRQ_interrupt_</name>
         <value>0x37f4</value>
         <object_component_ref idref="oc-65"/>
      </symbol>
      <symbol id="sm-2a8">
         <name>_coreGetInstructionFaultAddress_</name>
         <value>0x37b8</value>
         <object_component_ref idref="oc-65"/>
      </symbol>
      <symbol id="sm-2a9">
         <name>_coreGetDataFault_</name>
         <value>0x377c</value>
         <object_component_ref idref="oc-65"/>
      </symbol>
      <symbol id="sm-2aa">
         <name>_coreDisableEventBusExport_</name>
         <value>0x375c</value>
         <object_component_ref idref="oc-65"/>
      </symbol>
      <symbol id="sm-2ab">
         <name>_coreClearDataFaultAddress_</name>
         <value>0x37ac</value>
         <object_component_ref idref="oc-65"/>
      </symbol>
      <symbol id="sm-2ac">
         <name>__TI_PINIT_Base</name>
         <value>0x3978</value>
         <object_component_ref idref="oc-65"/>
      </symbol>
      <symbol id="sm-2ad">
         <name>_coreInitRegisters_</name>
         <value>0x35bc</value>
         <object_component_ref idref="oc-65"/>
      </symbol>
      <symbol id="sm-2ae">
         <name>_coreClearInstructionFaultAddress_</name>
         <value>0x37c0</value>
         <object_component_ref idref="oc-65"/>
      </symbol>
      <symbol id="sm-2af">
         <name>_coreClearDataFault_</name>
         <value>0x3784</value>
         <object_component_ref idref="oc-65"/>
      </symbol>
      <symbol id="sm-2b0">
         <name>_coreGetAuxiliaryDataFault_</name>
         <value>0x37cc</value>
         <object_component_ref idref="oc-65"/>
      </symbol>
      <symbol id="sm-2b1">
         <name>_enable_interrupt_</name>
         <value>0x3804</value>
         <object_component_ref idref="oc-65"/>
      </symbol>
      <symbol id="sm-2b2">
         <name>_coreClearAuxiliaryInstructionFault_</name>
         <value>0x37e8</value>
         <object_component_ref idref="oc-65"/>
      </symbol>
      <symbol id="sm-2b3">
         <name>_memInit_</name>
         <value>0x3894</value>
         <object_component_ref idref="oc-65"/>
      </symbol>
      <symbol id="sm-2b4">
         <name>_dCacheInvalidate_</name>
         <value>0x3950</value>
         <object_component_ref idref="oc-65"/>
      </symbol>
      <symbol id="sm-2b5">
         <name>_coreGetDataFaultAddress_</name>
         <value>0x37a4</value>
         <object_component_ref idref="oc-65"/>
      </symbol>
      <symbol id="sm-2b6">
         <name>_coreClearInstructionFault_</name>
         <value>0x3798</value>
         <object_component_ref idref="oc-65"/>
      </symbol>
      <symbol id="sm-2b7">
         <name>_getCPSRValue_</name>
         <value>0x3714</value>
         <object_component_ref idref="oc-65"/>
      </symbol>
      <symbol id="sm-2b8">
         <name>_cacheDisable_</name>
         <value>0x392c</value>
         <object_component_ref idref="oc-65"/>
      </symbol>
      <symbol id="sm-2b9">
         <name>_enable_IRQ_interrupt_</name>
         <value>0x37fc</value>
         <object_component_ref idref="oc-65"/>
      </symbol>
      <symbol id="sm-2ba">
         <name>__TI_PINIT_Limit</name>
         <value>0x397c</value>
         <object_component_ref idref="oc-65"/>
      </symbol>
      <symbol id="sm-2bb">
         <name>_coreGetAuxiliaryInstructionFault_</name>
         <value>0x37e0</value>
         <object_component_ref idref="oc-65"/>
      </symbol>
      <symbol id="sm-2bc">
         <name>_coreInitStackPointer_</name>
         <value>0x36c8</value>
         <object_component_ref idref="oc-65"/>
      </symbol>
      <symbol id="sm-2bd">
         <name>_esmCcmErrorsClear_</name>
         <value>0x380c</value>
         <object_component_ref idref="oc-65"/>
      </symbol>
      <symbol id="sm-2be">
         <name>_gotoCPUIdle_</name>
         <value>0x371c</value>
         <object_component_ref idref="oc-65"/>
      </symbol>
      <symbol id="sm-2bf">
         <name>_coreEnableIrqVicOffset_</name>
         <value>0x376c</value>
         <object_component_ref idref="oc-65"/>
      </symbol>
      <symbol id="sm-2c0">
         <name>_coreGetInstructionFault_</name>
         <value>0x3790</value>
         <object_component_ref idref="oc-65"/>
      </symbol>
      <symbol id="sm-2c1">
         <name>_cacheEnable_</name>
         <value>0x38e8</value>
         <object_component_ref idref="oc-65"/>
      </symbol>
      <symbol id="sm-2c2">
         <name>_coreEnableVfp_</name>
         <value>0x3734</value>
         <object_component_ref idref="oc-65"/>
      </symbol>
      <symbol id="sm-2c3">
         <name>_coreClearAuxiliaryDataFault_</name>
         <value>0x37d4</value>
         <object_component_ref idref="oc-65"/>
      </symbol>
      <symbol id="sm-2c4">
         <name>_coreEnableEventBusExport_</name>
         <value>0x374c</value>
         <object_component_ref idref="oc-65"/>
      </symbol>
      <symbol id="sm-2c5">
         <name>_checkMemInitOn_</name>
         <value>0x38c8</value>
         <object_component_ref idref="oc-65"/>
      </symbol>
      <symbol id="sm-2d3">
         <name>resetEntry</name>
         <value>0x0</value>
         <object_component_ref idref="oc-2b"/>
      </symbol>
      <symbol id="sm-2e5">
         <name>rtiNotification</name>
         <value>0x434c</value>
         <object_component_ref idref="oc-8e"/>
      </symbol>
      <symbol id="sm-2e6">
         <name>main</name>
         <value>0x4300</value>
         <object_component_ref idref="oc-8e"/>
      </symbol>
      <symbol id="sm-301">
         <name>_mpuSetRegionBaseAddress_</name>
         <value>0x3cb0</value>
         <object_component_ref idref="oc-88"/>
      </symbol>
      <symbol id="sm-302">
         <name>_mpuInit_</name>
         <value>0x3980</value>
         <object_component_ref idref="oc-88"/>
      </symbol>
      <symbol id="sm-303">
         <name>_mpuSetRegionSizeRegister_</name>
         <value>0x3ce4</value>
         <object_component_ref idref="oc-88"/>
      </symbol>
      <symbol id="sm-304">
         <name>_mpuDisableBackgroundRegion_</name>
         <value>0x3c78</value>
         <object_component_ref idref="oc-88"/>
      </symbol>
      <symbol id="sm-305">
         <name>_mpuSetRegionTypeAndPermission_</name>
         <value>0x3cc0</value>
         <object_component_ref idref="oc-88"/>
      </symbol>
      <symbol id="sm-306">
         <name>_mpuGetRegionPermission_</name>
         <value>0x3cd8</value>
         <object_component_ref idref="oc-88"/>
      </symbol>
      <symbol id="sm-307">
         <name>_mpuEnable_</name>
         <value>0x3c38</value>
         <object_component_ref idref="oc-88"/>
      </symbol>
      <symbol id="sm-308">
         <name>_mpuGetNumberOfRegions_</name>
         <value>0x3c88</value>
         <object_component_ref idref="oc-88"/>
      </symbol>
      <symbol id="sm-309">
         <name>_mpuAreRegionsSeparate_</name>
         <value>0x3c94</value>
         <object_component_ref idref="oc-88"/>
      </symbol>
      <symbol id="sm-30a">
         <name>_mpuEnableBackgroundRegion_</name>
         <value>0x3c68</value>
         <object_component_ref idref="oc-88"/>
      </symbol>
      <symbol id="sm-30b">
         <name>_mpuGetRegionType_</name>
         <value>0x3ccc</value>
         <object_component_ref idref="oc-88"/>
      </symbol>
      <symbol id="sm-30c">
         <name>_mpuDisable_</name>
         <value>0x3c50</value>
         <object_component_ref idref="oc-88"/>
      </symbol>
      <symbol id="sm-30d">
         <name>_mpuGetRegionBaseAddress_</name>
         <value>0x3cb8</value>
         <object_component_ref idref="oc-88"/>
      </symbol>
      <symbol id="sm-30e">
         <name>_mpuSetRegion_</name>
         <value>0x3ca0</value>
         <object_component_ref idref="oc-88"/>
      </symbol>
      <symbol id="sm-30f">
         <name>_mpuGetRegion_</name>
         <value>0x3ca8</value>
         <object_component_ref idref="oc-88"/>
      </symbol>
      <symbol id="sm-322">
         <name>phantomInterrupt</name>
         <value>0x43f0</value>
         <object_component_ref idref="oc-30"/>
      </symbol>
      <symbol id="sm-341">
         <name>_c_int00</name>
         <value>0x41a0</value>
         <object_component_ref idref="oc-1c"/>
      </symbol>
      <symbol id="sm-342">
         <name>handlePLLLockFail</name>
         <value>0x43ec</value>
         <object_component_ref idref="oc-76"/>
      </symbol>
      <symbol id="sm-3e5">
         <name>vimChannelMap</name>
         <value>0x144c</value>
         <object_component_ref idref="oc-37"/>
      </symbol>
      <symbol id="sm-3e6">
         <name>vimInit</name>
         <value>0x1378</value>
         <object_component_ref idref="oc-37"/>
      </symbol>
      <symbol id="sm-3e7">
         <name>vimEnableInterrupt</name>
         <value>0x14f0</value>
         <object_component_ref idref="oc-37"/>
      </symbol>
      <symbol id="sm-3e8">
         <name>vimDisableInterrupt</name>
         <value>0x16b8</value>
         <object_component_ref idref="oc-37"/>
      </symbol>
      <symbol id="sm-3e9">
         <name>vimGetConfigValue</name>
         <value>0x1764</value>
         <object_component_ref idref="oc-37"/>
      </symbol>
      <symbol id="sm-3ea">
         <name>vimECCErrorHandler</name>
         <value>0x3cec</value>
         <object_component_ref idref="oc-36"/>
      </symbol>
      <symbol id="sm-439">
         <name>systemGetConfigValue</name>
         <value>0xea0</value>
         <object_component_ref idref="oc-6a"/>
      </symbol>
      <symbol id="sm-43a">
         <name>trimLPO</name>
         <value>0xa40</value>
         <object_component_ref idref="oc-6a"/>
      </symbol>
      <symbol id="sm-43b">
         <name>systemInit</name>
         <value>0xcd4</value>
         <object_component_ref idref="oc-6a"/>
      </symbol>
      <symbol id="sm-43c">
         <name>customTrimLPO</name>
         <value>0x12d0</value>
         <object_component_ref idref="oc-6a"/>
      </symbol>
      <symbol id="sm-43d">
         <name>periphInit</name>
         <value>0xaf4</value>
         <object_component_ref idref="oc-6a"/>
      </symbol>
      <symbol id="sm-43e">
         <name>setupFlash</name>
         <value>0xab4</value>
         <object_component_ref idref="oc-6a"/>
      </symbol>
      <symbol id="sm-43f">
         <name>setupPLL</name>
         <value>0x9e0</value>
         <object_component_ref idref="oc-6a"/>
      </symbol>
      <symbol id="sm-440">
         <name>getResetSource</name>
         <value>0xd78</value>
         <object_component_ref idref="oc-6a"/>
      </symbol>
      <symbol id="sm-441">
         <name>mapClocks</name>
         <value>0xba8</value>
         <object_component_ref idref="oc-6a"/>
      </symbol>
      <symbol id="sm-442">
         <name>systemPowerDown</name>
         <value>0xd48</value>
         <object_component_ref idref="oc-6a"/>
      </symbol>
      <symbol id="sm-46b">
         <name>__TI_auto_init_nobinit_nopinit</name>
         <value>0x437c</value>
         <object_component_ref idref="oc-f1"/>
      </symbol>
      <symbol id="sm-47a">
         <name>C$$EXIT</name>
         <value>0x43e4</value>
         <object_component_ref idref="oc-12f"/>
      </symbol>
      <symbol id="sm-47b">
         <name>abort</name>
         <value>0x43e4</value>
         <object_component_ref idref="oc-12f"/>
      </symbol>
      <symbol id="sm-47f">
         <name>SHT$$INIT_ARRAY$$Base</name>
         <value>0x0</value>
      </symbol>
      <symbol id="sm-480">
         <name>SHT$$INIT_ARRAY$$Limit</name>
         <value>0x0</value>
      </symbol>
      <symbol id="sm-481">
         <name>_system_post_cinit</name>
         <value>0x0</value>
      </symbol>
      <symbol id="sm-482">
         <name>__TI_Handler_Table_Base</name>
         <value>0x0</value>
      </symbol>
      <symbol id="sm-483">
         <name>__TI_Handler_Table_Limit</name>
         <value>0x0</value>
      </symbol>
      <symbol id="sm-484">
         <name>__TI_CINIT_Limit</name>
         <value>0x0</value>
      </symbol>
      <symbol id="sm-485">
         <name>__TI_CINIT_Base</name>
         <value>0x0</value>
      </symbol>
   </symbol_table>
   <title>Link successful</title>
</link_info>
