******************************************************************************
                  TI ARM Linker PC v20.2.5                     
******************************************************************************
>> Linked Wed Nov  3 11:58:59 2021

OUTPUT FILE NAME:   <CCMI_Test.out>
ENTRY POINT SYMBOL: "_c_int00"  address: 000041a0


MEMORY CONFIGURATION

         name            origin    length      used     unused   attr    fill
----------------------  --------  ---------  --------  --------  ----  --------
  VECTORS               00000000   00000020  00000020  00000000     X
  FLASH0                00000020   001fffe0  000045d4  001fba0c  R  X
  FLASH1                00200000   00200000  00000000  00200000  R  X
  STACKS                08000000   00001500  00000000  00001500  RW  
  RAM                   08001500   0007eb00  00000000  0007eb00  RW  


SEGMENT ALLOCATION MAP

run origin  load origin   length   init length attrs members
----------  ----------- ---------- ----------- ----- -------
00000000    00000000    000043f4   000043f4    r-x
  00000000    00000000    00000020   00000020    r-x .intvecs
  00000020    00000020    000043d4   000043d4    r-x .text
00004400    00004400    00000200   00000200    r--
  00004400    00004400    00000200   00000200    r-- .const


SECTION ALLOCATION MAP

 output                                  attributes/
section   page    origin      length       input sections
--------  ----  ----------  ----------   ----------------
.intvecs   0    00000000    00000020     
                  00000000    00000020     HL_sys_intvecs.obj (.intvecs)

.text      0    00000020    000043d4     
                  00000020    000009c0     HL_pinmux.obj (.text)
                  000009e0    00000998     HL_system.obj (.text)
                  00001378    00000938     HL_sys_vim.obj (.text)
                  00001cb0    0000078c     HL_esm.obj (.text)
                  0000243c    00000698     HL_rti.obj (.text)
                  00002ad4    00000664     HL_errata_SSWF021_45.obj (.text)
                  00003138    00000484     HL_gio.obj (.text)
                  000035bc    000003c4     HL_sys_core.obj (.text)
                  00003980    0000036c     HL_sys_mpu.obj (.text)
                  00003cec    0000033c     HL_sys_vim.obj (.text:retain)
                  00004028    00000178     HL_esm.obj (.text:retain)
                  000041a0    000000d8     HL_sys_startup.obj (.text:retain)
                  00004278    00000088     HL_notification.obj (.text)
                  00004300    0000007c     HL_sys_main.obj (.text)
                  0000437c    00000068     rtsv7R4_A_le_v3D16_eabi.lib : autoinit.c.obj (.text:__TI_auto_init_nobinit_nopinit:__TI_auto_init_nobinit_nopinit)
                  000043e4    00000008                                 : exit.c.obj (.text:abort:abort)
                  000043ec    00000004     HL_sys_startup.obj (.text)
                  000043f0    00000004     HL_sys_phantom.obj (.text:retain)

.const     0    00004400    00000200     
                  00004400    00000200     HL_sys_vim.obj (.const:s_vim_init)

.cinit     0    00000020    00000000     UNINITIALIZED

__llvm_prf_cnts 
*          0    08001500    00000000     UNINITIALIZED

MODULE SUMMARY

       Module                     code    ro data   rw data
       ------                     ----    -------   -------
    .\source\
       HL_sys_vim.obj             3188    512       0      
       HL_pinmux.obj              2496    0         0      
       HL_system.obj              2456    0         0      
       HL_esm.obj                 2308    0         0      
       HL_rti.obj                 1688    0         0      
       HL_errata_SSWF021_45.obj   1636    0         0      
       HL_gio.obj                 1156    0         0      
       HL_sys_core.obj            964     0         0      
       HL_sys_mpu.obj             876     0         0      
       HL_sys_startup.obj         220     0         0      
       HL_notification.obj        136     0         0      
       HL_sys_main.obj            124     0         0      
       HL_sys_intvecs.obj         32      0         0      
       HL_sys_phantom.obj         4       0         0      
    +--+--------------------------+-------+---------+---------+
       Total:                     17284   512       0      
                                                           
    C:\ti\ccs1100\ccs\tools\compiler\ti-cgt-arm_20.2.5.LTS\lib\rtsv7R4_A_le_v3D16_eabi.lib
       autoinit.c.obj             104     0         0      
       exit.c.obj                 8       0         0      
    +--+--------------------------+-------+---------+---------+
       Total:                     112     0         0      
                                                           
    +--+--------------------------+-------+---------+---------+
       Grand Total:               17396   512       0      


GLOBAL SYMBOLS: SORTED ALPHABETICALLY BY Name 

address   name                                
-------   ----                                
000043e4  C$$EXIT                             
00002808  IsdwdKeySequenceCorrect             
UNDEFED   SHT$$INIT_ARRAY$$Base               
UNDEFED   SHT$$INIT_ARRAY$$Limit              
UNDEFED   __TI_CINIT_Base                     
UNDEFED   __TI_CINIT_Limit                    
UNDEFED   __TI_Handler_Table_Base             
UNDEFED   __TI_Handler_Table_Limit            
00003978  __TI_PINIT_Base                     
0000397c  __TI_PINIT_Limit                    
0000437c  __TI_auto_init_nobinit_nopinit      
ffffffff  __TI_pprof_out_hndl                 
ffffffff  __TI_prof_data_size                 
ffffffff  __TI_prof_data_start                
00000000  __TI_static_base__                  
ffffffff  __binit__                           
ffffffff  __c_args__                          
08001500  __start___llvm_prf_cnts             
08001500  __stop___llvm_prf_cnts              
000041a0  _c_int00                            
0000392c  _cacheDisable_                      
000038e8  _cacheEnable_                       
000038c8  _checkMemInitOn_                    
000037d4  _coreClearAuxiliaryDataFault_       
000037e8  _coreClearAuxiliaryInstructionFault_
000037ac  _coreClearDataFaultAddress_         
00003784  _coreClearDataFault_                
000037c0  _coreClearInstructionFaultAddress_  
00003798  _coreClearInstructionFault_         
0000375c  _coreDisableEventBusExport_         
0000374c  _coreEnableEventBusExport_          
0000376c  _coreEnableIrqVicOffset_            
00003734  _coreEnableVfp_                     
000037cc  _coreGetAuxiliaryDataFault_         
000037e0  _coreGetAuxiliaryInstructionFault_  
000037a4  _coreGetDataFaultAddress_           
0000377c  _coreGetDataFault_                  
000037b8  _coreGetInstructionFaultAddress_    
00003790  _coreGetInstructionFault_           
000035bc  _coreInitRegisters_                 
000036c8  _coreInitStackPointer_              
00003950  _dCacheInvalidate_                  
000037f4  _disable_IRQ_interrupt_             
000037fc  _enable_IRQ_interrupt_              
00003804  _enable_interrupt_                  
00002ad4  _errata_SSWF021_45_both_plls        
00002cc8  _errata_SSWF021_45_pll1             
00002e40  _errata_SSWF021_45_pll2             
0000380c  _esmCcmErrorsClear_                 
00003714  _getCPSRValue_                      
0000371c  _gotoCPUIdle_                       
00003964  _iCacheInvalidate_                  
00003894  _memInit_                           
00003c94  _mpuAreRegionsSeparate_             
00003c78  _mpuDisableBackgroundRegion_        
00003c50  _mpuDisable_                        
00003c68  _mpuEnableBackgroundRegion_         
00003c38  _mpuEnable_                         
00003c88  _mpuGetNumberOfRegions_             
00003cb8  _mpuGetRegionBaseAddress_           
00003cd8  _mpuGetRegionPermission_            
00003ccc  _mpuGetRegionType_                  
00003ca8  _mpuGetRegion_                      
00003980  _mpuInit_                           
00003cb0  _mpuSetRegionBaseAddress_           
00003ce4  _mpuSetRegionSizeRegister_          
00003cc0  _mpuSetRegionTypeAndPermission_     
00003ca0  _mpuSetRegion_                      
UNDEFED   _system_post_cinit                  
000043e4  abort                               
ffffffff  binit                               
000012d0  customTrimLPO                       
000042b0  dmaGroupANotification               
00002878  dwdClearFlag                        
0000277c  dwdCounterEnable                    
000027e0  dwdGenerateSysReset                 
00002840  dwdGetStatus                        
00002894  dwdGetViolationStatus               
000026ec  dwdInit                             
000027b8  dwdReset                            
00002798  dwdSetPreload                       
00002764  dwwdGetCurrentDownCounter           
00002718  dwwdInit                            
000042ec  epcCAMFullNotification              
000042f0  epcFIFOFullNotification             
00001ec0  esmActivateNormalOperation          
0000200c  esmClearStatus                      
00002070  esmClearStatusBuffer                
0000204c  esmClearStatusUpper                 
00001e6c  esmDisableError                     
00001e94  esmDisableErrorUpper                
00001f14  esmDisableInterrupt                 
00001f3c  esmDisableInterruptUpper            
00001e28  esmEnableError                      
00001e50  esmEnableErrorUpper                 
00001ed0  esmEnableInterrupt                  
00001ef8  esmEnableInterruptUpper             
000021a0  esmEnterSelfTest                    
00001e0c  esmError                            
00002278  esmGetConfigValue                   
000020ac  esmGetStatus                        
00002178  esmGetStatusBuffer                  
00002130  esmGetStatusUpper                   
00004278  esmGroup1Notification               
0000428c  esmGroup2Notification               
000042a0  esmGroup3Notification               
00004028  esmHighInterrupt                    
00001cb0  esmInit                             
00002228  esmSelfTestStatus                   
0000208c  esmSetCounterPreloadValue           
00001f58  esmSetInterruptLevel                
00001fcc  esmSetInterruptLevelUpper           
00001eb0  esmTriggerErrorPinReset             
00000d78  getResetSource                      
00003398  gioDisableNotification              
00003330  gioEnableNotification               
00003298  gioGetBit                           
00003400  gioGetConfigValue                   
000032c0  gioGetPort                          
00003138  gioInit                             
000042d8  gioNotification                     
00003228  gioSetBit                           
00003208  gioSetDirection                     
00003278  gioSetPort                          
000032d8  gioToggleBit                        
000043ec  handlePLLLockFail                   
00004300  main                                
00000ba8  mapClocks                           
00000020  muxInit                             
00000af4  periphInit                          
000043f0  phantomInterrupt                    
00000000  resetEntry                          
0000294c  rtiDisableNotification              
00002920  rtiEnableNotification               
0000296c  rtiGetConfigValue                   
00002654  rtiGetCurrentTick                   
00002628  rtiGetPeriod                        
0000243c  rtiInit                             
0000434c  rtiNotification                     
00002590  rtiResetCounter                     
000025fc  rtiSetPeriod                        
00002530  rtiStartCounter                     
00002560  rtiStopCounter                      
00000ab4  setupFlash                          
000009e0  setupPLL                            
00000ea0  systemGetConfigValue                
00000cd4  systemInit                          
00000d48  systemPowerDown                     
00000a40  trimLPO                             
0000144c  vimChannelMap                       
000016b8  vimDisableInterrupt                 
00003cec  vimECCErrorHandler                  
000014f0  vimEnableInterrupt                  
00001764  vimGetConfigValue                   
00001378  vimInit                             


GLOBAL SYMBOLS: SORTED BY Symbol Address 

address   name                                
-------   ----                                
00000000  __TI_static_base__                  
00000000  resetEntry                          
00000020  muxInit                             
000009e0  setupPLL                            
00000a40  trimLPO                             
00000ab4  setupFlash                          
00000af4  periphInit                          
00000ba8  mapClocks                           
00000cd4  systemInit                          
00000d48  systemPowerDown                     
00000d78  getResetSource                      
00000ea0  systemGetConfigValue                
000012d0  customTrimLPO                       
00001378  vimInit                             
0000144c  vimChannelMap                       
000014f0  vimEnableInterrupt                  
000016b8  vimDisableInterrupt                 
00001764  vimGetConfigValue                   
00001cb0  esmInit                             
00001e0c  esmError                            
00001e28  esmEnableError                      
00001e50  esmEnableErrorUpper                 
00001e6c  esmDisableError                     
00001e94  esmDisableErrorUpper                
00001eb0  esmTriggerErrorPinReset             
00001ec0  esmActivateNormalOperation          
00001ed0  esmEnableInterrupt                  
00001ef8  esmEnableInterruptUpper             
00001f14  esmDisableInterrupt                 
00001f3c  esmDisableInterruptUpper            
00001f58  esmSetInterruptLevel                
00001fcc  esmSetInterruptLevelUpper           
0000200c  esmClearStatus                      
0000204c  esmClearStatusUpper                 
00002070  esmClearStatusBuffer                
0000208c  esmSetCounterPreloadValue           
000020ac  esmGetStatus                        
00002130  esmGetStatusUpper                   
00002178  esmGetStatusBuffer                  
000021a0  esmEnterSelfTest                    
00002228  esmSelfTestStatus                   
00002278  esmGetConfigValue                   
0000243c  rtiInit                             
00002530  rtiStartCounter                     
00002560  rtiStopCounter                      
00002590  rtiResetCounter                     
000025fc  rtiSetPeriod                        
00002628  rtiGetPeriod                        
00002654  rtiGetCurrentTick                   
000026ec  dwdInit                             
00002718  dwwdInit                            
00002764  dwwdGetCurrentDownCounter           
0000277c  dwdCounterEnable                    
00002798  dwdSetPreload                       
000027b8  dwdReset                            
000027e0  dwdGenerateSysReset                 
00002808  IsdwdKeySequenceCorrect             
00002840  dwdGetStatus                        
00002878  dwdClearFlag                        
00002894  dwdGetViolationStatus               
00002920  rtiEnableNotification               
0000294c  rtiDisableNotification              
0000296c  rtiGetConfigValue                   
00002ad4  _errata_SSWF021_45_both_plls        
00002cc8  _errata_SSWF021_45_pll1             
00002e40  _errata_SSWF021_45_pll2             
00003138  gioInit                             
00003208  gioSetDirection                     
00003228  gioSetBit                           
00003278  gioSetPort                          
00003298  gioGetBit                           
000032c0  gioGetPort                          
000032d8  gioToggleBit                        
00003330  gioEnableNotification               
00003398  gioDisableNotification              
00003400  gioGetConfigValue                   
000035bc  _coreInitRegisters_                 
000036c8  _coreInitStackPointer_              
00003714  _getCPSRValue_                      
0000371c  _gotoCPUIdle_                       
00003734  _coreEnableVfp_                     
0000374c  _coreEnableEventBusExport_          
0000375c  _coreDisableEventBusExport_         
0000376c  _coreEnableIrqVicOffset_            
0000377c  _coreGetDataFault_                  
00003784  _coreClearDataFault_                
00003790  _coreGetInstructionFault_           
00003798  _coreClearInstructionFault_         
000037a4  _coreGetDataFaultAddress_           
000037ac  _coreClearDataFaultAddress_         
000037b8  _coreGetInstructionFaultAddress_    
000037c0  _coreClearInstructionFaultAddress_  
000037cc  _coreGetAuxiliaryDataFault_         
000037d4  _coreClearAuxiliaryDataFault_       
000037e0  _coreGetAuxiliaryInstructionFault_  
000037e8  _coreClearAuxiliaryInstructionFault_
000037f4  _disable_IRQ_interrupt_             
000037fc  _enable_IRQ_interrupt_              
00003804  _enable_interrupt_                  
0000380c  _esmCcmErrorsClear_                 
00003894  _memInit_                           
000038c8  _checkMemInitOn_                    
000038e8  _cacheEnable_                       
0000392c  _cacheDisable_                      
00003950  _dCacheInvalidate_                  
00003964  _iCacheInvalidate_                  
00003978  __TI_PINIT_Base                     
0000397c  __TI_PINIT_Limit                    
00003980  _mpuInit_                           
00003c38  _mpuEnable_                         
00003c50  _mpuDisable_                        
00003c68  _mpuEnableBackgroundRegion_         
00003c78  _mpuDisableBackgroundRegion_        
00003c88  _mpuGetNumberOfRegions_             
00003c94  _mpuAreRegionsSeparate_             
00003ca0  _mpuSetRegion_                      
00003ca8  _mpuGetRegion_                      
00003cb0  _mpuSetRegionBaseAddress_           
00003cb8  _mpuGetRegionBaseAddress_           
00003cc0  _mpuSetRegionTypeAndPermission_     
00003ccc  _mpuGetRegionType_                  
00003cd8  _mpuGetRegionPermission_            
00003ce4  _mpuSetRegionSizeRegister_          
00003cec  vimECCErrorHandler                  
00004028  esmHighInterrupt                    
000041a0  _c_int00                            
00004278  esmGroup1Notification               
0000428c  esmGroup2Notification               
000042a0  esmGroup3Notification               
000042b0  dmaGroupANotification               
000042d8  gioNotification                     
000042ec  epcCAMFullNotification              
000042f0  epcFIFOFullNotification             
00004300  main                                
0000434c  rtiNotification                     
0000437c  __TI_auto_init_nobinit_nopinit      
000043e4  C$$EXIT                             
000043e4  abort                               
000043ec  handlePLLLockFail                   
000043f0  phantomInterrupt                    
08001500  __start___llvm_prf_cnts             
08001500  __stop___llvm_prf_cnts              
ffffffff  __TI_pprof_out_hndl                 
ffffffff  __TI_prof_data_size                 
ffffffff  __TI_prof_data_start                
ffffffff  __binit__                           
ffffffff  __c_args__                          
ffffffff  binit                               
UNDEFED   SHT$$INIT_ARRAY$$Base               
UNDEFED   SHT$$INIT_ARRAY$$Limit              
UNDEFED   __TI_CINIT_Base                     
UNDEFED   __TI_CINIT_Limit                    
UNDEFED   __TI_Handler_Table_Base             
UNDEFED   __TI_Handler_Table_Limit            
UNDEFED   _system_post_cinit                  

[155 symbols]
